Archive member included because of file (symbol)

C:\Program Files (x86)\VEX Robotics\VEXcode\sdk/vexv5\libv5rt.a(v5_startup.c.obj)
                              (vexStartup)
C:\Program Files (x86)\VEX Robotics\VEXcode\sdk/vexv5\libv5rt.a(v5_util.c.obj)
                              C:\Program Files (x86)\VEX Robotics\VEXcode\sdk/vexv5\libv5rt.a(v5_startup.c.obj) (vexStdlibVersionLinked)
C:\Program Files (x86)\VEX Robotics\VEXcode\sdk/vexv5\libv5rt.a(v5_apijump.c.obj)
                              C:\Program Files (x86)\VEX Robotics\VEXcode\sdk/vexv5\libv5rt.a(v5_startup.c.obj) (vexPrivateApiEnable)
C:\Program Files (x86)\VEX Robotics\VEXcode\sdk/vexv5\libv5rt.a(v5_apiversions.c.obj)
                              C:\Program Files (x86)\VEX Robotics\VEXcode\sdk/vexv5\libv5rt.a(v5_apijump.c.obj) (vexSystemVersion)
C:\Program Files (x86)\VEX Robotics\VEXcode\sdk/vexv5\libv5rt.a(vex_global.cpp.obj)
                              build/src/main.o (vex::PORT10)
C:\Program Files (x86)\VEX Robotics\VEXcode\sdk/vexv5\libv5rt.a(vex_motor.cpp.obj)
                              build/src/main.o (vex::motor::~motor())
C:\Program Files (x86)\VEX Robotics\VEXcode\sdk/vexv5\libv5rt.a(vex_vision.cpp.obj)
                              build/src/main.o (vex::vision::~vision())
C:\Program Files (x86)\VEX Robotics\VEXcode\sdk/vexv5\libv5rt.a(vex_controller.cpp.obj)
                              build/src/main.o (vex::controller::~controller())
C:\Program Files (x86)\VEX Robotics\VEXcode\sdk/vexv5\libv5rt.a(vex_task.cpp.obj)
                              build/src/main.o (vex::task::sleep(unsigned long))
C:\Program Files (x86)\VEX Robotics\VEXcode\sdk/vexv5\libv5rt.a(vex_event.cpp.obj)
                              C:\Program Files (x86)\VEX Robotics\VEXcode\sdk/vexv5\libv5rt.a(vex_controller.cpp.obj) (vex::event::init(unsigned long, unsigned long, void (*)()))
C:\Program Files (x86)\VEX Robotics\VEXcode\sdk/vexv5\libv5rt.a(vex_mevent.cpp.obj)
                              C:\Program Files (x86)\VEX Robotics\VEXcode\sdk/vexv5\libv5rt.a(vex_controller.cpp.obj) (vex::mevent::mevent(unsigned long, unsigned long))
C:\Program Files (x86)\VEX Robotics\VEXcode\sdk/vexv5\libv5rt.a(vex_brain.cpp.obj)
                              build/src/main.o (vex::brain::~brain())
C:\Program Files (x86)\VEX Robotics\VEXcode\sdk/vexv5\libv5rt.a(vex_competition.cpp.obj)
                              build/src/main.o (vex::competition::competition())
C:\Program Files (x86)\VEX Robotics\VEXcode\sdk/vexv5\libv5rt.a(vex_triport.cpp.obj)
                              C:\Program Files (x86)\VEX Robotics\VEXcode\sdk/vexv5\libv5rt.a(vex_brain.cpp.obj) (vex::triport::~triport())
C:\Program Files (x86)\VEX Robotics\VEXcode\sdk/vexv5\libv5rt.a(vex_color.cpp.obj)
                              C:\Program Files (x86)\VEX Robotics\VEXcode\sdk/vexv5\libv5rt.a(vex_brain.cpp.obj) (vex::color::operator unsigned long() const)
C:\Program Files (x86)\VEX Robotics\VEXcode\sdk/vexv5\libv5rt.a(vex_timer.cpp.obj)
                              C:\Program Files (x86)\VEX Robotics\VEXcode\sdk/vexv5\libv5rt.a(vex_brain.cpp.obj) (vex::timer::~timer())
C:\Program Files (x86)\VEX Robotics\VEXcode\sdk/vexv5\libv5rt.a(v5_apiuser.c.obj)
                              C:\Program Files (x86)\VEX Robotics\VEXcode\sdk/vexv5\libv5rt.a(vex_triport.cpp.obj) (vexAdiPortConfigSet)
C:\Program Files (x86)\VEX Robotics\VEXcode\sdk/vexv5\libv5rt.a(vex_device.cpp.obj)
                              C:\Program Files (x86)\VEX Robotics\VEXcode\sdk/vexv5\libv5rt.a(vex_triport.cpp.obj) (vex::device::value())
C:\Program Files (x86)\VEX Robotics\VEXcode\sdk/vexv5/gcc/libs\libc.a(lib_a-aeabi_memcpy.o)
                              build/src/main.o (__aeabi_memcpy4)
C:\Program Files (x86)\VEX Robotics\VEXcode\sdk/vexv5/gcc/libs\libc.a(lib_a-fini.o)
                              C:\Program Files (x86)\VEX Robotics\VEXcode\sdk/vexv5\libv5rt.a(v5_startup.c.obj) (__libc_fini_array)
C:\Program Files (x86)\VEX Robotics\VEXcode\sdk/vexv5/gcc/libs\libc.a(lib_a-impure.o)
                              C:\Program Files (x86)\VEX Robotics\VEXcode\sdk/vexv5\libv5rt.a(v5_startup.c.obj) (_impure_ptr)
C:\Program Files (x86)\VEX Robotics\VEXcode\sdk/vexv5/gcc/libs\libc.a(lib_a-init.o)
                              C:\Program Files (x86)\VEX Robotics\VEXcode\sdk/vexv5\libv5rt.a(v5_startup.c.obj) (__libc_init_array)
C:\Program Files (x86)\VEX Robotics\VEXcode\sdk/vexv5/gcc/libs\libc.a(lib_a-memcpy.o)
                              C:\Program Files (x86)\VEX Robotics\VEXcode\sdk/vexv5/gcc/libs\libc.a(lib_a-aeabi_memcpy.o) (memcpy)
C:\Program Files (x86)\VEX Robotics\VEXcode\sdk/vexv5/gcc/libs\libc.a(lib_a-tolower.o)
                              C:\Program Files (x86)\VEX Robotics\VEXcode\sdk/vexv5\libv5rt.a(vex_brain.cpp.obj) (tolower)
C:\Program Files (x86)\VEX Robotics\VEXcode\sdk/vexv5/gcc/libs\libc.a(lib_a-ctype_.o)
[...]
Memory Configuration

Name             Origin             Length             Attributes
ps7_ddr_0_S_AXI_BASEADDR 0x03800000         0x04800000
*default*        0x00000000         0xffffffff

Linker script and memory map

                0x00002000                _STACK_SIZE = DEFINED (_STACK_SIZE)?_STACK_SIZE:0x2000
                0x00100000                _HEAP_SIZE = DEFINED (_HEAP_SIZE)?_HEAP_SIZE:0x100000
                0x00000400                _ABORT_STACK_SIZE = DEFINED (_ABORT_STACK_SIZE)?_ABORT_STACK_SIZE:0x400
                0x00000800                _SUPERVISOR_STACK_SIZE = DEFINED (_SUPERVISOR_STACK_SIZE)?_SUPERVISOR_STACK_SIZE:0x800
                0x00000400                _IRQ_STACK_SIZE = DEFINED (_IRQ_STACK_SIZE)?_IRQ_STACK_SIZE:0x400
                0x00000400                _FIQ_STACK_SIZE = DEFINED (_FIQ_STACK_SIZE)?_FIQ_STACK_SIZE:0x400
                0x00000400                _UNDEF_STACK_SIZE = DEFINED (_UNDEF_STACK_SIZE)?_UNDEF_STACK_SIZE:0x400

.text           0x03800000     0x66d8
 *(.vectors)
 *(.boot_data)
 .boot_data     0x03800000       0x20 C:\Program Files (x86)\VEX Robotics\VEXcode\sdk/vexv5\libv5rt.a(v5_startup.c.obj)
                0x03800000                vexCodeSig
                0x00000020                . = 0x20
 *(.boot)
 .boot          0x03800020       0xbc C:\Program Files (x86)\VEX Robotics\VEXcode\sdk/vexv5\libv5rt.a(v5_startup.c.obj)
                0x03800020                vexStartup
                0x03800100                . = ALIGN (0x40)
 *fill*         0x038000dc       0x24 
 *(.freertos_vectors)
 *(.text)
 *(.text.*)
 .text._ZN3vex6visionC2IJNS0_9signatureES2_S2_S2_S2_S2_S2_EEElhDpT_
                0x03800100       0xec build/src/main.o
                0x03800100                vex::vision::vision<vex::vision::signature, vex::vision::signature, vex::vision::signature, vex::vision::signature, vex::vision::signature, vex::vision::signature, vex::vision::signature>(long, unsigned char, vex::vision::signature, vex::vision::signature, vex::vision::signature, vex::vision::signature, vex::vision::signature, vex::vision::signature, vex::vision::signature)
 .text._Z2ufi   0x038001ec       0xe4 build/src/main.o
                0x038001ec                uf(int)
 .text._Z2dxii  0x038002d0       0xdc build/src/main.o
                0x038002d0                dx(int, int)
 .text._Z2dzii  0x038003ac       0xdc build/src/main.o
                0x038003ac                dz(int, int)
 .text._Z2dyii  0x03800488       0xc8 build/src/main.o
                0x03800488                dy(int, int)
 .text._Z10autonomousv
                0x03800550     0x1b00 build/src/main.o
                0x03800550                autonomous()
 .text._Z11usercontrolv
                0x03802050      0xed0 build/src/main.o
                0x03802050                usercontrol()
 .text.main     0x03802f20       0x70 build/src/main.o
                0x03802f20                main
 .text._ZN3vex6vision7_setsigINS0_9signatureEJS2_S2_S2_S2_S2_S2_EEEvRT_DpT0_
                0x03802f90       0xc8 build/src/main.o
                0x03802f90                void vex::vision::_setsig<vex::vision::signature, vex::vision::signature, vex::vision::signature, vex::vision::signature, vex::vision::signature, vex::vision::signature, vex::vision::signature>(vex::vision::signature&, vex::vision::signature, vex::vision::signature, vex::vision::signature, vex::vision::signature, vex::vision::signature, vex::vision::signature)
 .text._ZN3vex6vision7_setsigINS0_9signatureEJS2_S2_S2_S2_S2_EEEvRT_DpT0_
                0x03803058       0xac build/src/main.o
                0x03803058                void vex::vision::_setsig<vex::vision::signature, vex::vision::signature, vex::vision::signature, vex::vision::signature, vex::vision::signature, vex::vision::signature>(vex::vision::signature&, vex::vision::signature, vex::vision::signature, vex::vision::signature, vex::vision::signature, vex::vision::signature)
 .text._ZN3vex6vision7_setsigINS0_9signatureEJS2_S2_S2_S2_EEEvRT_DpT0_
                0x03803104       0x90 build/src/main.o
                0x03803104                void vex::vision::_setsig<vex::vision::signature, vex::vision::signature, vex::vision::signature, vex::vision::signature, vex::vision::signature>(vex::vision::signature&, vex::vision::signature, vex::vision::signature, vex::vision::signature, vex::vision::signature)
 .text._ZN3vex6vision7_setsigINS0_9signatureEJS2_S2_S2_EEEvRT_DpT0_
                0x03803194       0x70 build/src/main.o
                0x03803194                void vex::vision::_setsig<vex::vision::signature, vex::vision::signature, vex::vision::signature, vex::vision::signature>(vex::vision::signature&, vex::vision::signature, vex::vision::signature, vex::vision::signature)
 .text._ZN3vex6vision7_setsigINS0_9signatureEJS2_S2_EEEvRT_DpT0_
                0x03803204       0x58 build/src/main.o
                0x03803204                void vex::vision::_setsig<vex::vision::signature, vex::vision::signature, vex::vision::signature>(vex::vision::signature&, vex::vision::signature, vex::vision::signature)
 .text._GLOBAL__sub_I_main.cpp
                0x0380325c      0x600 build/src/main.o
 .text.vexMain  0x0380385c       0xb0 C:\Program Files (x86)\VEX Robotics\VEXcode\sdk/vexv5\libv5rt.a(v5_startup.c.obj)
                0x0380385c                vexMain
 .text.__vex_function_prolog
                0x0380390c       0x18 C:\Program Files (x86)\VEX Robotics\VEXcode\sdk/vexv5\libv5rt.a(v5_startup.c.obj)
                0x0380390c                __vex_function_prolog
 .text._init    0x03803924        0x4 C:\Program Files (x86)\VEX Robotics\VEXcode\sdk/vexv5\libv5rt.a(v5_startup.c.obj)
                0x03803924                _init
 .text._fini    0x03803928        0x4 C:\Program Files (x86)\VEX Robotics\VEXcode\sdk/vexv5\libv5rt.a(v5_startup.c.obj)
                0x03803928                _fini
 .text.vexStdlibVersionLinked
                0x0380392c        0xc C:\Program Files (x86)\VEX Robotics\VEXcode\sdk/vexv5\libv5rt.a(v5_util.c.obj)
                0x0380392c                vexStdlibVersionLinked
 .text.vexStdlibVersionVerify
                0x03803938       0x30 C:\Program Files (x86)\VEX Robotics\VEXcode\sdk/vexv5\libv5rt.a(v5_util.c.obj)
                0x03803938                vexStdlibVersionVerify
 .text.vexPrivateApiEnable
                0x03803968       0x10 C:\Program Files (x86)\VEX Robotics\VEXcode\sdk/vexv5\libv5rt.a(v5_apijump.c.obj)
                0x03803968                vexPrivateApiEnable
 .text.vexStdlibMismatchError
                0x03803978       0x3c C:\Program Files (x86)\VEX Robotics\VEXcode\sdk/vexv5\libv5rt.a(v5_apijump.c.obj)
                0x03803978                vexStdlibMismatchError
 .text.vexTaskAdd
                0x038039b4       0x10 C:\Program Files (x86)\VEX Robotics\VEXcode\sdk/vexv5\libv5rt.a(v5_apijump.c.obj)
                0x038039b4                vexTaskAdd
 .text.vexTaskStop
                0x038039c4       0x10 C:\Program Files (x86)\VEX Robotics\VEXcode\sdk/vexv5\libv5rt.a(v5_apijump.c.obj)
                0x038039c4                vexTaskStop
 .text.vexTasksRun
                0x038039d4       0x10 C:\Program Files (x86)\VEX Robotics\VEXcode\sdk/vexv5\libv5rt.a(v5_apijump.c.obj)
                0x038039d4                vexTasksRun
 .text.vexTaskYield
                0x038039e4       0x10 C:\Program Files (x86)\VEX Robotics\VEXcode\sdk/vexv5\libv5rt.a(v5_apijump.c.obj)
                0x038039e4                vexTaskYield
 .text.vexTaskCheckTimeslice
                0x038039f4       0x10 C:\Program Files (x86)\VEX Robotics\VEXcode\sdk/vexv5\libv5rt.a(v5_apijump.c.obj)
                0x038039f4                vexTaskCheckTimeslice
 .text.vexTaskSleep
                0x03803a04       0x10 C:\Program Files (x86)\VEX Robotics\VEXcode\sdk/vexv5\libv5rt.a(v5_apijump.c.obj)
                0x03803a04                vexTaskSleep
 .text.vexTasksDump
                0x03803a14       0x1c C:\Program Files (x86)\VEX Robotics\VEXcode\sdk/vexv5\libv5rt.a(v5_apijump.c.obj)
                0x03803a14                vexTasksDump
 .text.vexTaskGetTaskIndex
                0x03803a30       0x10 C:\Program Files (x86)\VEX Robotics\VEXcode\sdk/vexv5\libv5rt.a(v5_apijump.c.obj)
                0x03803a30                vexTaskGetTaskIndex
 .text.vexTaskStopAll
                0x03803a40       0x10 C:\Program Files (x86)\VEX Robotics\VEXcode\sdk/vexv5\libv5rt.a(v5_apijump.c.obj)
                0x03803a40                vexTaskStopAll
 .text.vexTaskRemoveAllUser
                0x03803a50       0x34 C:\Program Files (x86)\VEX Robotics\VEXcode\sdk/vexv5\libv5rt.a(v5_apijump.c.obj)
                0x03803a50                vexTaskRemoveAllUser
 .text.vexTaskCompletionIdSet
                0x03803a84       0x10 C:\Program Files (x86)\VEX Robotics\VEXcode\sdk/vexv5\libv5rt.a(v5_apijump.c.obj)
                0x03803a84                vexTaskCompletionIdSet
 .text.vexCriticalSection
                0x03803a94       0x2c C:\Program Files (x86)\VEX Robotics\VEXcode\sdk/vexv5\libv5rt.a(v5_apijump.c.obj)
                0x03803a94                vexCriticalSection
 .text.vexEventAdd
                0x03803ac0       0x34 C:\Program Files (x86)\VEX Robotics\VEXcode\sdk/vexv5\libv5rt.a(v5_apijump.c.obj)
                0x03803ac0                vexEventAdd
 .text.vexEventUserIndexGet
                0x03803af4       0x1c C:\Program Files (x86)\VEX Robotics\VEXcode\sdk/vexv5\libv5rt.a(v5_apijump.c.obj)
                0x03803af4                vexEventUserIndexGet
 .text.vexEventAddWithArg
                0x03803b10       0x3c C:\Program Files (x86)\VEX Robotics\VEXcode\sdk/vexv5\libv5rt.a(v5_apijump.c.obj)
                0x03803b10                vexEventAddWithArg
 .text.vexEventsCleanup
                0x03803b4c       0x2c C:\Program Files (x86)\VEX Robotics\VEXcode\sdk/vexv5\libv5rt.a(v5_apijump.c.obj)
                0x03803b4c                vexEventsCleanup
 .text.vexDebug
                0x03803b78       0x38 C:\Program Files (x86)\VEX Robotics\VEXcode\sdk/vexv5\libv5rt.a(v5_apijump.c.obj)
                0x03803b78                vexDebug
 .text.vex_sprintf
                0x03803bb0       0x40 C:\Program Files (x86)\VEX Robotics\VEXcode\sdk/vexv5\libv5rt.a(v5_apijump.c.obj)
                0x03803bb0                vex_sprintf
 .text.vex_vsnprintf
                0x03803bf0       0x3c C:\Program Files (x86)\VEX Robotics\VEXcode\sdk/vexv5\libv5rt.a(v5_apijump.c.obj)
                0x03803bf0                vex_vsnprintf
 .text.vexSystemTimeGet
                0x03803c2c       0x1c C:\Program Files (x86)\VEX Robotics\VEXcode\sdk/vexv5\libv5rt.a(v5_apijump.c.obj)
                0x03803c2c                vexSystemTimeGet
 .text.vexSystemExitRequest
                0x03803c48       0x1c C:\Program Files (x86)\VEX Robotics\VEXcode\sdk/vexv5\libv5rt.a(v5_apijump.c.obj)
                0x03803c48                vexSystemExitRequest
 .text.vexDeviceGetByIndex
                0x03803c64       0x24 C:\Program Files (x86)\VEX Robotics\VEXcode\sdk/vexv5\libv5rt.a(v5_apijump.c.obj)
                0x03803c64                vexDeviceGetByIndex
 .text.vexControllerGet
                0x03803c88       0x2c C:\Program Files (x86)\VEX Robotics\VEXcode\sdk/vexv5\libv5rt.a(v5_apijump.c.obj)
                0x03803c88                vexControllerGet
 .text.vexControllerTextSet
                0x03803cb4       0x74 C:\Program Files (x86)\VEX Robotics\VEXcode\sdk/vexv5\libv5rt.a(v5_apijump.c.obj)
                0x03803cb4                vexControllerTextSet
 .text.vexDeviceAdiPortConfigSet
                0x03803d28       0x34 C:\Program Files (x86)\VEX Robotics\VEXcode\sdk/vexv5\libv5rt.a(v5_apijump.c.obj)
                0x03803d28                vexDeviceAdiPortConfigSet
 .text.vexDeviceAdiPortConfigGet
                0x03803d5c       0x2c C:\Program Files (x86)\VEX Robotics\VEXcode\sdk/vexv5\libv5rt.a(v5_apijump.c.obj)
                0x03803d5c                vexDeviceAdiPortConfigGet
 .text.vexDeviceAdiValueGet
                0x03803d88       0x2c C:\Program Files (x86)\VEX Robotics\VEXcode\sdk/vexv5\libv5rt.a(v5_apijump.c.obj)
                0x03803d88                vexDeviceAdiValueGet
 .text.vexDeviceMotorVelocitySet
                0x03803db4       0x2c C:\Program Files (x86)\VEX Robotics\VEXcode\sdk/vexv5\libv5rt.a(v5_apijump.c.obj)
                0x03803db4                vexDeviceMotorVelocitySet
 .text.vexDeviceMotorActualVelocityGet
                0x03803de0       0x24 C:\Program Files (x86)\VEX Robotics\VEXcode\sdk/vexv5\libv5rt.a(v5_apijump.c.obj)
                0x03803de0                vexDeviceMotorActualVelocityGet
 .text.vexDeviceMotorZeroPositionFlagGet
                0x03803e04       0x24 C:\Program Files (x86)\VEX Robotics\VEXcode\sdk/vexv5\libv5rt.a(v5_apijump.c.obj)
                0x03803e04                vexDeviceMotorZeroPositionFlagGet
 .text.vexDeviceMotorReverseFlagSet
                0x03803e28       0x2c C:\Program Files (x86)\VEX Robotics\VEXcode\sdk/vexv5\libv5rt.a(v5_apijump.c.obj)
                0x03803e28                vexDeviceMotorReverseFlagSet
 .text.vexDeviceMotorEncoderUnitsSet
                0x03803e54       0x2c C:\Program Files (x86)\VEX Robotics\VEXcode\sdk/vexv5\libv5rt.a(v5_apijump.c.obj)
                0x03803e54                vexDeviceMotorEncoderUnitsSet
 .text.vexDeviceMotorBrakeModeSet
                0x03803e80       0x2c C:\Program Files (x86)\VEX Robotics\VEXcode\sdk/vexv5\libv5rt.a(v5_apijump.c.obj)
                0x03803e80                vexDeviceMotorBrakeModeSet
 .text.vexDeviceMotorPositionSet
                0x03803eac       0x34 C:\Program Files (x86)\VEX Robotics\VEXcode\sdk/vexv5\libv5rt.a(v5_apijump.c.obj)
                0x03803eac                vexDeviceMotorPositionSet
 .text.vexDeviceMotorRelativeTargetSet
                0x03803ee0       0x3c C:\Program Files (x86)\VEX Robotics\VEXcode\sdk/vexv5\libv5rt.a(v5_apijump.c.obj)
                0x03803ee0                vexDeviceMotorRelativeTargetSet
 .text.vexDeviceMotorGearingSet
                0x03803f1c       0x2c C:\Program Files (x86)\VEX Robotics\VEXcode\sdk/vexv5\libv5rt.a(v5_apijump.c.obj)
                0x03803f1c                vexDeviceMotorGearingSet
 .text.vexDeviceMotorGearingGet
                0x03803f48       0x24 C:\Program Files (x86)\VEX Robotics\VEXcode\sdk/vexv5\libv5rt.a(v5_apijump.c.obj)
                0x03803f48                vexDeviceMotorGearingGet
 .text.vexDeviceVisionModeSet
                0x03803f6c       0x2c C:\Program Files (x86)\VEX Robotics\VEXcode\sdk/vexv5\libv5rt.a(v5_apijump.c.obj)
                0x03803f6c                vexDeviceVisionModeSet
 .text.vexDeviceVisionObjectCountGet
                0x03803f98       0x24 C:\Program Files (x86)\VEX Robotics\VEXcode\sdk/vexv5\libv5rt.a(v5_apijump.c.obj)
                0x03803f98                vexDeviceVisionObjectCountGet
 .text.vexDeviceVisionObjectGet
                0x03803fbc       0x34 C:\Program Files (x86)\VEX Robotics\VEXcode\sdk/vexv5\libv5rt.a(v5_apijump.c.obj)
                0x03803fbc                vexDeviceVisionObjectGet
 .text.vexDeviceVisionSignatureSet
                0x03803ff0       0x2c C:\Program Files (x86)\VEX Robotics\VEXcode\sdk/vexv5\libv5rt.a(v5_apijump.c.obj)
                0x03803ff0                vexDeviceVisionSignatureSet
 .text.vexDeviceVisionBrightnessSet
                0x0380401c       0x2c C:\Program Files (x86)\VEX Robotics\VEXcode\sdk/vexv5\libv5rt.a(v5_apijump.c.obj)
                0x0380401c                vexDeviceVisionBrightnessSet
 .text.vexDeviceVisionLedModeSet
                0x03804048       0x2c C:\Program Files (x86)\VEX Robotics\VEXcode\sdk/vexv5\libv5rt.a(v5_apijump.c.obj)
                0x03804048                vexDeviceVisionLedModeSet
 .text.vexDeviceVisionLedColorSet
                0x03804074       0x30 C:\Program Files (x86)\VEX Robotics\VEXcode\sdk/vexv5\libv5rt.a(v5_apijump.c.obj)
                0x03804074                vexDeviceVisionLedColorSet
 .text.vexDisplayForegroundColor
                0x038040a4       0x24 C:\Program Files (x86)\VEX Robotics\VEXcode\sdk/vexv5\libv5rt.a(v5_apijump.c.obj)
                0x038040a4                vexDisplayForegroundColor
 .text.vexDisplayBackgroundColor
                0x038040c8       0x24 C:\Program Files (x86)\VEX Robotics\VEXcode\sdk/vexv5\libv5rt.a(v5_apijump.c.obj)
                0x038040c8                vexDisplayBackgroundColor
 .text.vexDisplayBackgroundColorGet
                0x038040ec       0x1c C:\Program Files (x86)\VEX Robotics\VEXcode\sdk/vexv5\libv5rt.a(v5_apijump.c.obj)
                0x038040ec                vexDisplayBackgroundColorGet
 .text.vexDisplayRectClear
                0x03804108       0x4c C:\Program Files (x86)\VEX Robotics\VEXcode\sdk/vexv5\libv5rt.a(v5_apijump.c.obj)
                0x03804108                vexDisplayRectClear
 .text.vexDisplayPrintf
                0x03804154       0x68 C:\Program Files (x86)\VEX Robotics\VEXcode\sdk/vexv5\libv5rt.a(v5_apijump.c.obj)
                0x03804154                vexDisplayPrintf
 .text.vexDisplayTextReference
                0x038041bc       0x24 C:\Program Files (x86)\VEX Robotics\VEXcode\sdk/vexv5\libv5rt.a(v5_apijump.c.obj)
                0x038041bc                vexDisplayTextReference
 .text.vexDisplayTextSize
                0x038041e0       0x2c C:\Program Files (x86)\VEX Robotics\VEXcode\sdk/vexv5\libv5rt.a(v5_apijump.c.obj)
                0x038041e0                vexDisplayTextSize
 .text.vexDisplayFontNamedSet
                0x0380420c       0x24 C:\Program Files (x86)\VEX Robotics\VEXcode\sdk/vexv5\libv5rt.a(v5_apijump.c.obj)
                0x0380420c                vexDisplayFontNamedSet
 .text.vexDisplayStringWidthGet
                0x03804230       0x24 C:\Program Files (x86)\VEX Robotics\VEXcode\sdk/vexv5\libv5rt.a(v5_apijump.c.obj)
                0x03804230                vexDisplayStringWidthGet
 .text.vexSystemStdlibImpureDataAddr
                0x03804254       0x28 C:\Program Files (x86)\VEX Robotics\VEXcode\sdk/vexv5\libv5rt.a(v5_apijump.c.obj)
                0x03804254                vexSystemStdlibImpureDataAddr
 .text.vexSystemStdlibImpureDataSize
                0x0380427c       0x28 C:\Program Files (x86)\VEX Robotics\VEXcode\sdk/vexv5\libv5rt.a(v5_apijump.c.obj)
                0x0380427c                vexSystemStdlibImpureDataSize
 .text.vexSystemSaveUserData
                0x038042a4       0x3c C:\Program Files (x86)\VEX Robotics\VEXcode\sdk/vexv5\libv5rt.a(v5_apijump.c.obj)
                0x038042a4                vexSystemSaveUserData
 .text.vexDisplayThemeIdGet
                0x038042e0       0x38 C:\Program Files (x86)\VEX Robotics\VEXcode\sdk/vexv5\libv5rt.a(v5_apijump.c.obj)
                0x038042e0                vexDisplayThemeIdGet
 .text.vexDeviceEventMaskSet
                0x03804318       0x48 C:\Program Files (x86)\VEX Robotics\VEXcode\sdk/vexv5\libv5rt.a(v5_apijump.c.obj)
                0x03804318                vexDeviceEventMaskSet
 .text.vexDeviceEventMaskGet
                0x03804360       0x3c C:\Program Files (x86)\VEX Robotics\VEXcode\sdk/vexv5\libv5rt.a(v5_apijump.c.obj)
                0x03804360                vexDeviceEventMaskGet
 .text.vexSystemVersion
                0x0380439c       0x10 C:\Program Files (x86)\VEX Robotics\VEXcode\sdk/vexv5\libv5rt.a(v5_apiversions.c.obj)
                0x0380439c                vexSystemVersion
 .text.vexStdlibVersion
                0x038043ac       0x10 C:\Program Files (x86)\VEX Robotics\VEXcode\sdk/vexv5\libv5rt.a(v5_apiversions.c.obj)
                0x038043ac                vexStdlibVersion
 .text._ZN3vex5motor9installedEv
                0x038043bc       0x18 C:\Program Files (x86)\VEX Robotics\VEXcode\sdk/vexv5\libv5rt.a(vex_motor.cpp.obj)
                0x038043bc                vex::motor::installed()
 .text._ZN3vex5motorD2Ev
                0x038043d4       0x20 C:\Program Files (x86)\VEX Robotics\VEXcode\sdk/vexv5\libv5rt.a(vex_motor.cpp.obj)
                0x038043d4                vex::motor::~motor()
                0x038043d4                vex::motor::~motor()
 .text._ZN3vex5motor15defaultStoppingENS_9brakeTypeE
                0x038043f4       0x30 C:\Program Files (x86)\VEX Robotics\VEXcode\sdk/vexv5\libv5rt.a(vex_motor.cpp.obj)
                0x038043f4                vex::motor::defaultStopping(vex::brakeType)
 .text._ZN3vex5motorC2El
                0x03804424       0x70 C:\Program Files (x86)\VEX Robotics\VEXcode\sdk/vexv5\libv5rt.a(vex_motor.cpp.obj)
                0x03804424                vex::motor::motor(long)
                0x03804424                vex::motor::motor(long)
 .text._ZN3vex5motorC2ElNS_11gearSettingEb
                0x03804494       0x34 C:\Program Files (x86)\VEX Robotics\VEXcode\sdk/vexv5\libv5rt.a(vex_motor.cpp.obj)
                0x03804494                vex::motor::motor(long, vex::gearSetting, bool)
                0x03804494                vex::motor::motor(long, vex::gearSetting, bool)
 .text._ZN3vex5motor4stopENS_9brakeTypeE
                0x038044c8       0x30 C:\Program Files (x86)\VEX Robotics\VEXcode\sdk/vexv5\libv5rt.a(vex_motor.cpp.obj)
                0x038044c8                vex::motor::stop(vex::brakeType)
 .text._ZN3vex5motor4stopEv
                0x038044f8        0x8 C:\Program Files (x86)\VEX Robotics\VEXcode\sdk/vexv5\libv5rt.a(vex_motor.cpp.obj)
                0x038044f8                vex::motor::stop()
 .text._ZN3vex5motor16velocityToScaledEdNS_13velocityUnitsE
                0x03804500       0x5c C:\Program Files (x86)\VEX Robotics\VEXcode\sdk/vexv5\libv5rt.a(vex_motor.cpp.obj)
                0x03804500                vex::motor::velocityToScaled(double, vex::velocityUnits)
 .text._ZN3vex5motor8velocityENS_13velocityUnitsE
                0x0380455c       0x30 C:\Program Files (x86)\VEX Robotics\VEXcode\sdk/vexv5\libv5rt.a(vex_motor.cpp.obj)
                0x0380455c                vex::motor::velocity(vex::velocityUnits)
 .text._ZN3vex5motor5valueEv
                0x0380458c       0x1c C:\Program Files (x86)\VEX Robotics\VEXcode\sdk/vexv5\libv5rt.a(vex_motor.cpp.obj)
                0x0380458c                vex::motor::value()
 .text._ZN3vex5motor16scaledToVelocityEdNS_13velocityUnitsE
                0x038045a8       0xa4 C:\Program Files (x86)\VEX Robotics\VEXcode\sdk/vexv5\libv5rt.a(vex_motor.cpp.obj)
                0x038045a8                vex::motor::scaledToVelocity(double, vex::velocityUnits)
 .text._ZN3vex5motor4spinENS_13directionTypeEdNS_13velocityUnitsE
                0x0380464c       0x5c C:\Program Files (x86)\VEX Robotics\VEXcode\sdk/vexv5\libv5rt.a(vex_motor.cpp.obj)
                0x0380464c                vex::motor::spin(vex::directionType, double, vex::velocityUnits)
 .text._ZN3vex5motor4spinENS_13directionTypeE
                0x038046a8       0x28 C:\Program Files (x86)\VEX Robotics\VEXcode\sdk/vexv5\libv5rt.a(vex_motor.cpp.obj)
                0x038046a8                vex::motor::spin(vex::directionType)
 .text._ZN3vex5motor11setVelocityEdNS_13velocityUnitsE
                0x038046d0       0x54 C:\Program Files (x86)\VEX Robotics\VEXcode\sdk/vexv5\libv5rt.a(vex_motor.cpp.obj)
                0x038046d0                vex::motor::setVelocity(double, vex::velocityUnits)
 .text._ZN3vex5motor16setRotationUnitsENS_13rotationUnitsE
                0x03804724       0x1c C:\Program Files (x86)\VEX Robotics\VEXcode\sdk/vexv5\libv5rt.a(vex_motor.cpp.obj)
                0x03804724                vex::motor::setRotationUnits(vex::rotationUnits)
 .text._ZN3vex5motor9rotateForEdNS_13rotationUnitsEdNS_13velocityUnitsEb
                0x03804740       0xe0 C:\Program Files (x86)\VEX Robotics\VEXcode\sdk/vexv5\libv5rt.a(vex_motor.cpp.obj)
                0x03804740                vex::motor::rotateFor(double, vex::rotationUnits, double, vex::velocityUnits, bool)
 .text.startup._GLOBAL__sub_I__ZN3vex5motorC2El
                0x03804820       0x30 C:\Program Files (x86)\VEX Robotics\VEXcode\sdk/vexv5\libv5rt.a(vex_motor.cpp.obj)
 .text._ZN3vex6vision9installedEv
                0x03804850       0x18 C:\Program Files (x86)\VEX Robotics\VEXcode\sdk/vexv5\libv5rt.a(vex_vision.cpp.obj)
                0x03804850                vex::vision::installed()
 .text._ZN3vex6visionD2Ev
                0x03804868       0x38 C:\Program Files (x86)\VEX Robotics\VEXcode\sdk/vexv5\libv5rt.a(vex_vision.cpp.obj)
                0x03804868                vex::vision::~vision()
                0x03804868                vex::vision::~vision()
 .text._ZN3vex6vision12setSignatureERNS0_9signatureE
                0x038048a0       0x70 C:\Program Files (x86)\VEX Robotics\VEXcode\sdk/vexv5\libv5rt.a(vex_vision.cpp.obj)
                0x038048a0                vex::vision::setSignature(vex::vision::signature&)
 .text._ZN3vex6vision7setModeENS0_13detectionModeE
                0x03804910       0x18 C:\Program Files (x86)\VEX Robotics\VEXcode\sdk/vexv5\libv5rt.a(vex_vision.cpp.obj)
                0x03804910                vex::vision::setMode(vex::vision::detectionMode)
 .text._ZN3vex6vision13setBrightnessEh
                0x03804928       0x30 C:\Program Files (x86)\VEX Robotics\VEXcode\sdk/vexv5\libv5rt.a(vex_vision.cpp.obj)
                0x03804928                vex::vision::setBrightness(unsigned char)
 .text._ZN3vex6vision10setLedModeENS0_7ledModeE
                0x03804958       0x18 C:\Program Files (x86)\VEX Robotics\VEXcode\sdk/vexv5\libv5rt.a(vex_vision.cpp.obj)
                0x03804958                vex::vision::setLedMode(vex::vision::ledMode)
 .text._ZN3vex6vision11setLedColorEhhh
                0x03804970       0x30 C:\Program Files (x86)\VEX Robotics\VEXcode\sdk/vexv5\libv5rt.a(vex_vision.cpp.obj)
                0x03804970                vex::vision::setLedColor(unsigned char, unsigned char, unsigned char)
 .text._ZN3vex6vision9signatureD2Ev
                0x038049a0        0x4 C:\Program Files (x86)\VEX Robotics\VEXcode\sdk/vexv5\libv5rt.a(vex_vision.cpp.obj)
                0x038049a0                vex::vision::signature::~signature()
                0x038049a0                vex::vision::signature::~signature()
 .text._ZN3vex6vision9signature5clearEv
                0x038049a4       0x38 C:\Program Files (x86)\VEX Robotics\VEXcode\sdk/vexv5\libv5rt.a(vex_vision.cpp.obj)
                0x038049a4                vex::vision::signature::clear()
 .text._ZN3vex6vision9signatureC2Ev
                0x038049dc       0x60 C:\Program Files (x86)\VEX Robotics\VEXcode\sdk/vexv5\libv5rt.a(vex_vision.cpp.obj)
                0x038049dc                vex::vision::signature::signature()
                0x038049dc                vex::vision::signature::signature()
 .text._ZN3vex6vision9signatureC2Elllllllfl
                0x03804a3c       0x5c C:\Program Files (x86)\VEX Robotics\VEXcode\sdk/vexv5\libv5rt.a(vex_vision.cpp.obj)
                0x03804a3c                vex::vision::signature::signature(long, long, long, long, long, long, long, float, long)
                0x03804a3c                vex::vision::signature::signature(long, long, long, long, long, long, long, float, long)
 .text._ZN3vex6vision6object3setE22_V5_DeviceVisionObject
                0x03804a98       0x78 C:\Program Files (x86)\VEX Robotics\VEXcode\sdk/vexv5\libv5rt.a(vex_vision.cpp.obj)
                0x03804a98                vex::vision::object::set(_V5_DeviceVisionObject)
 .text._ZN3vex6vision6object5clearEv
                0x03804b10       0x38 C:\Program Files (x86)\VEX Robotics\VEXcode\sdk/vexv5\libv5rt.a(vex_vision.cpp.obj)
                0x03804b10                vex::vision::object::clear()
 .text._ZN3vex6vision6objectC2Ev
                0x03804b48       0x58 C:\Program Files (x86)\VEX Robotics\VEXcode\sdk/vexv5\libv5rt.a(vex_vision.cpp.obj)
                0x03804b48                vex::vision::object::object()
                0x03804b48                vex::vision::object::object()
 .text._ZN3vex6vision13_clearObjectsEv
                0x03804ba0       0x40 C:\Program Files (x86)\VEX Robotics\VEXcode\sdk/vexv5\libv5rt.a(vex_vision.cpp.obj)
                0x03804ba0                vex::vision::_clearObjects()
 .text._ZN3vex6vision6objectaSERKS1_
                0x03804be0       0x74 C:\Program Files (x86)\VEX Robotics\VEXcode\sdk/vexv5\libv5rt.a(vex_vision.cpp.obj)
                0x03804be0                vex::vision::object::operator=(vex::vision::object const&)
 .text._ZN3vex6vision12takeSnapshotEmm
                0x03804c54       0xf4 C:\Program Files (x86)\VEX Robotics\VEXcode\sdk/vexv5\libv5rt.a(vex_vision.cpp.obj)
                0x03804c54                vex::vision::takeSnapshot(unsigned long, unsigned long)
 .text._ZN3vex6vision12takeSnapshotEm
                0x03804d48        0x8 C:\Program Files (x86)\VEX Robotics\VEXcode\sdk/vexv5\libv5rt.a(vex_vision.cpp.obj)
                0x03804d48                vex::vision::takeSnapshot(unsigned long)
 .text._ZN3vex6vision5valueEv
                0x03804d50        0x8 C:\Program Files (x86)\VEX Robotics\VEXcode\sdk/vexv5\libv5rt.a(vex_vision.cpp.obj)
                0x03804d50                vex::vision::value()
 .text._ZN3vex6vision12takeSnapshotERNS0_9signatureE
                0x03804d58       0x10 C:\Program Files (x86)\VEX Robotics\VEXcode\sdk/vexv5\libv5rt.a(vex_vision.cpp.obj)
                0x03804d58                vex::vision::takeSnapshot(vex::vision::signature&)
 .text._ZN3vex6vision6objectaSEl
                0x03804d68       0x38 C:\Program Files (x86)\VEX Robotics\VEXcode\sdk/vexv5\libv5rt.a(vex_vision.cpp.obj)
                0x03804d68                vex::vision::object::operator=(long)
 .text._ZN3vex6visionC2El
                0x03804da0       0xa4 C:\Program Files (x86)\VEX Robotics\VEXcode\sdk/vexv5\libv5rt.a(vex_vision.cpp.obj)
                0x03804da0                vex::vision::vision(long)
                0x03804da0                vex::vision::vision(long)
 .text._ZN3vex10controllerD2Ev
                0x03804e44        0x4 C:\Program Files (x86)\VEX Robotics\VEXcode\sdk/vexv5\libv5rt.a(vex_controller.cpp.obj)
                0x03804e44                vex::controller::~controller()
                0x03804e44                vex::controller::~controller()
 .text._ZN3vex10controller5valueE19_V5_ControllerIndex
                0x03804e48        0x8 C:\Program Files (x86)\VEX Robotics\VEXcode\sdk/vexv5\libv5rt.a(vex_controller.cpp.obj)
                0x03804e48                vex::controller::value(_V5_ControllerIndex)
 .text._ZN3vex10controller6button8pressingEv
                0x03804e50       0xc8 C:\Program Files (x86)\VEX Robotics\VEXcode\sdk/vexv5\libv5rt.a(vex_controller.cpp.obj)
                0x03804e50                vex::controller::button::pressing()
 .text._ZN3vex10controller6button21_buttonToPressedEventEv
                0x03804f18       0x20 C:\Program Files (x86)\VEX Robotics\VEXcode\sdk/vexv5\libv5rt.a(vex_controller.cpp.obj)
                0x03804f18                vex::controller::button::_buttonToPressedEvent()
 .text._ZN3vex10controller6button22_buttonToReleasedEventEv
                0x03804f38       0x20 C:\Program Files (x86)\VEX Robotics\VEXcode\sdk/vexv5\libv5rt.a(vex_controller.cpp.obj)
                0x03804f38                vex::controller::button::_buttonToReleasedEvent()
 .text._ZN3vex10controller6buttonC2ENS0_11tButtonTypeEPS0_
                0x03804f58       0x48 C:\Program Files (x86)\VEX Robotics\VEXcode\sdk/vexv5\libv5rt.a(vex_controller.cpp.obj)
                0x03804f58                vex::controller::button::button(vex::controller::tButtonType, vex::controller*)
                0x03804f58                vex::controller::button::button(vex::controller::tButtonType, vex::controller*)
 .text._ZN3vex10controller4axis5valueEv
                0x03804fa0       0x58 C:\Program Files (x86)\VEX Robotics\VEXcode\sdk/vexv5\libv5rt.a(vex_controller.cpp.obj)
                0x03804fa0                vex::controller::axis::value()
 .text._ZN3vex10controller4axis23_joystickToChangedEventEv
                0x03804ff8       0x20 C:\Program Files (x86)\VEX Robotics\VEXcode\sdk/vexv5\libv5rt.a(vex_controller.cpp.obj)
                0x03804ff8                vex::controller::axis::_joystickToChangedEvent()
 .text._ZN3vex10controller4axisC2ENS0_9tAxisTypeEPS0_
                0x03805018       0x2c C:\Program Files (x86)\VEX Robotics\VEXcode\sdk/vexv5\libv5rt.a(vex_controller.cpp.obj)
                0x03805018                vex::controller::axis::axis(vex::controller::tAxisType, vex::controller*)
                0x03805018                vex::controller::axis::axis(vex::controller::tAxisType, vex::controller*)
 .text._ZN3vex10controllerC2Ev
                0x03805044      0x204 C:\Program Files (x86)\VEX Robotics\VEXcode\sdk/vexv5\libv5rt.a(vex_controller.cpp.obj)
                0x03805044                vex::controller::controller()
                0x03805044                vex::controller::controller()
 .text._ZN3vex10controller3lcd15getControllerIdEv
                0x03805248       0x10 C:\Program Files (x86)\VEX Robotics\VEXcode\sdk/vexv5\libv5rt.a(vex_controller.cpp.obj)
                0x03805248                vex::controller::lcd::getControllerId()
 .text._ZN3vex10controller3lcd5printEPKcz
                0x03805258       0x54 C:\Program Files (x86)\VEX Robotics\VEXcode\sdk/vexv5\libv5rt.a(vex_controller.cpp.obj)
                0x03805258                vex::controller::lcd::print(char const*, ...)
 .text._ZN3vex4taskC2EPFivE
                0x038052ac       0x54 C:\Program Files (x86)\VEX Robotics\VEXcode\sdk/vexv5\libv5rt.a(vex_task.cpp.obj)
                0x038052ac                vex::task::task(int (*)())
                0x038052ac                vex::task::task(int (*)())
 .text._ZN3vex4taskD2Ev
                0x03805300        0x4 C:\Program Files (x86)\VEX Robotics\VEXcode\sdk/vexv5\libv5rt.a(vex_task.cpp.obj)
                0x03805300                vex::task::~task()
                0x03805300                vex::task::~task()
 .text._ZN3vex4task4stopEPFivE
                0x03805304        0xc C:\Program Files (x86)\VEX Robotics\VEXcode\sdk/vexv5\libv5rt.a(vex_task.cpp.obj)
                0x03805304                vex::task::stop(int (*)())
 .text._ZN3vex4task5sleepEm
                0x03805310        0x4 C:\Program Files (x86)\VEX Robotics\VEXcode\sdk/vexv5\libv5rt.a(vex_task.cpp.obj)
                0x03805310                vex::task::sleep(unsigned long)
 .text._ZN3vex4task6_indexEPFivE
                0x03805314       0x14 C:\Program Files (x86)\VEX Robotics\VEXcode\sdk/vexv5\libv5rt.a(vex_task.cpp.obj)
                0x03805314                vex::task::_index(int (*)())
 .text._ZN3vex4task8_stopAllEv
                0x03805328       0x3c C:\Program Files (x86)\VEX Robotics\VEXcode\sdk/vexv5\libv5rt.a(vex_task.cpp.obj)
                0x03805328                vex::task::_stopAll()
 .text._ZN3vex5event4initEmmPFvvE
                0x03805364        0x4 C:\Program Files (x86)\VEX Robotics\VEXcode\sdk/vexv5\libv5rt.a(vex_event.cpp.obj)
                0x03805364                vex::event::init(unsigned long, unsigned long, void (*)())
 .text._ZN3vex5event4initEmmPFvPvES1_
                0x03805368        0x4 C:\Program Files (x86)\VEX Robotics\VEXcode\sdk/vexv5\libv5rt.a(vex_event.cpp.obj)
                0x03805368                vex::event::init(unsigned long, unsigned long, void (*)(void*), void*)
 .text._ZN3vex5event9userindexEv
                0x0380536c        0x4 C:\Program Files (x86)\VEX Robotics\VEXcode\sdk/vexv5\libv5rt.a(vex_event.cpp.obj)
                0x0380536c                vex::event::userindex()
 .text._ZZN3vex6meventC4EmmENUlvE_4_FUNEv
                0x03805370        0x4 C:\Program Files (x86)\VEX Robotics\VEXcode\sdk/vexv5\libv5rt.a(vex_mevent.cpp.obj)
 .text._ZN3vex6meventC2Emm
                0x03805374       0x70 C:\Program Files (x86)\VEX Robotics\VEXcode\sdk/vexv5\libv5rt.a(vex_mevent.cpp.obj)
                0x03805374                vex::mevent::mevent(unsigned long, unsigned long)
                0x03805374                vex::mevent::mevent(unsigned long, unsigned long)
 .text._ZN3vex5brainD2Ev
                0x038053e4       0x20 C:\Program Files (x86)\VEX Robotics\VEXcode\sdk/vexv5\libv5rt.a(vex_brain.cpp.obj)
                0x038053e4                vex::brain::~brain()
                0x038053e4                vex::brain::~brain()
 .text._ZN3vex5brain9_getIndexEv
                0x03805404       0x10 C:\Program Files (x86)\VEX Robotics\VEXcode\sdk/vexv5\libv5rt.a(vex_brain.cpp.obj)
                0x03805404                vex::brain::_getIndex()
 .text._ZN3vex5brain3lcd9setCursorEll
                0x03805414       0x44 C:\Program Files (x86)\VEX Robotics\VEXcode\sdk/vexv5\libv5rt.a(vex_brain.cpp.obj)
                0x03805414                vex::brain::lcd::setCursor(long, long)
 .text._ZN3vex5brain3lcd7setFontENS_8fontTypeE
                0x03805458      0x228 C:\Program Files (x86)\VEX Robotics\VEXcode\sdk/vexv5\libv5rt.a(vex_brain.cpp.obj)
                0x03805458                vex::brain::lcd::setFont(vex::fontType)
 .text._ZN3vex5brain3lcdC2Ev
                0x03805680       0x94 C:\Program Files (x86)\VEX Robotics\VEXcode\sdk/vexv5\libv5rt.a(vex_brain.cpp.obj)
                0x03805680                vex::brain::lcd::lcd()
                0x03805680                vex::brain::lcd::lcd()
 .text._ZN3vex5brainC2Ev
                0x03805714       0x40 C:\Program Files (x86)\VEX Robotics\VEXcode\sdk/vexv5\libv5rt.a(vex_brain.cpp.obj)
                0x03805714                vex::brain::brain()
                0x03805714                vex::brain::brain()
 .text._ZN3vex5brain3lcd7printAtEllPKcz
                0x03805754       0x6c C:\Program Files (x86)\VEX Robotics\VEXcode\sdk/vexv5\libv5rt.a(vex_brain.cpp.obj)
                0x03805754                vex::brain::lcd::printAt(long, long, char const*, ...)
 .text._ZN3vex5brain3lcd12_clearScreenEm
                0x038057c0       0x38 C:\Program Files (x86)\VEX Robotics\VEXcode\sdk/vexv5\libv5rt.a(vex_brain.cpp.obj)
                0x038057c0                vex::brain::lcd::_clearScreen(unsigned long)
 .text._ZN3vex5brain3lcd11clearScreenERKNS_5colorE
                0x038057f8       0x20 C:\Program Files (x86)\VEX Robotics\VEXcode\sdk/vexv5\libv5rt.a(vex_brain.cpp.obj)
                0x038057f8                vex::brain::lcd::clearScreen(vex::color const&)
 .text._ZN3vex5brain3lcd11clearScreenEv
                0x03805818       0x2c C:\Program Files (x86)\VEX Robotics\VEXcode\sdk/vexv5\libv5rt.a(vex_brain.cpp.obj)
                0x03805818                vex::brain::lcd::clearScreen()
 .text._ZN3vex5brain3lcd10rowToPixelEl
                0x03805844       0x34 C:\Program Files (x86)\VEX Robotics\VEXcode\sdk/vexv5\libv5rt.a(vex_brain.cpp.obj)
                0x03805844                vex::brain::lcd::rowToPixel(long)
 .text._ZN3vex5brain3lcd10colToPixelEl
                0x03805878       0x1c C:\Program Files (x86)\VEX Robotics\VEXcode\sdk/vexv5\libv5rt.a(vex_brain.cpp.obj)
                0x03805878                vex::brain::lcd::colToPixel(long)
 .text._ZN3vex5brain3lcd5printEPKcz
                0x03805894       0xa0 C:\Program Files (x86)\VEX Robotics\VEXcode\sdk/vexv5\libv5rt.a(vex_brain.cpp.obj)
                0x03805894                vex::brain::lcd::print(char const*, ...)
 .text._ZN3vex11competition8_disableEPv
                0x03805934       0x9c C:\Program Files (x86)\VEX Robotics\VEXcode\sdk/vexv5\libv5rt.a(vex_competition.cpp.obj)
                0x03805934                vex::competition::_disable(void*)
 .text._ZN3vex11competition11_autonomousEv
                0x038059d0       0x7c C:\Program Files (x86)\VEX Robotics\VEXcode\sdk/vexv5\libv5rt.a(vex_competition.cpp.obj)
                0x038059d0                vex::competition::_autonomous()
 .text._ZN3vex11competition14_drivercontrolEv
                0x03805a4c       0x7c C:\Program Files (x86)\VEX Robotics\VEXcode\sdk/vexv5\libv5rt.a(vex_competition.cpp.obj)
                0x03805a4c                vex::competition::_drivercontrol()
 .text._ZN3vex11competitionC2Ev
                0x03805ac8      0x13c C:\Program Files (x86)\VEX Robotics\VEXcode\sdk/vexv5\libv5rt.a(vex_competition.cpp.obj)
                0x03805ac8                vex::competition::competition()
                0x03805ac8                vex::competition::competition()
 .text._ZN3vex11competitionD2Ev
                0x03805c04        0x4 C:\Program Files (x86)\VEX Robotics\VEXcode\sdk/vexv5\libv5rt.a(vex_competition.cpp.obj)
                0x03805c04                vex::competition::~competition()
                0x03805c04                vex::competition::~competition()
 .text._ZN3vex11competition10autonomousEPFvvE
                0x03805c08       0x44 C:\Program Files (x86)\VEX Robotics\VEXcode\sdk/vexv5\libv5rt.a(vex_competition.cpp.obj)
                0x03805c08                vex::competition::autonomous(void (*)())
 .text._ZN3vex11competition13drivercontrolEPFvvE
                0x03805c4c       0x44 C:\Program Files (x86)\VEX Robotics\VEXcode\sdk/vexv5\libv5rt.a(vex_competition.cpp.obj)
                0x03805c4c                vex::competition::drivercontrol(void (*)())
 .text._ZN3vex7triport9installedEv
                0x03805c90       0x18 C:\Program Files (x86)\VEX Robotics\VEXcode\sdk/vexv5\libv5rt.a(vex_triport.cpp.obj)
                0x03805c90                vex::triport::installed()
 .text._ZN3vex7triportD2Ev
                0x03805ca8       0x38 C:\Program Files (x86)\VEX Robotics\VEXcode\sdk/vexv5\libv5rt.a(vex_triport.cpp.obj)
                0x03805ca8                vex::triport::~triport()
                0x03805ca8                vex::triport::~triport()
 .text._ZN3vex7triport4portC2ElPS0_
                0x03805ce0       0x90 C:\Program Files (x86)\VEX Robotics\VEXcode\sdk/vexv5\libv5rt.a(vex_triport.cpp.obj)
                0x03805ce0                vex::triport::port::port(long, vex::triport*)
                0x03805ce0                vex::triport::port::port(long, vex::triport*)
 .text._ZN3vex7triportC2El
                0x03805d70       0xf0 C:\Program Files (x86)\VEX Robotics\VEXcode\sdk/vexv5\libv5rt.a(vex_triport.cpp.obj)
                0x03805d70                vex::triport::triport(long)
                0x03805d70                vex::triport::triport(long)
 .text._ZN3vex7triport4port4typeENS_11triportTypeE
                0x03805e60       0x34 C:\Program Files (x86)\VEX Robotics\VEXcode\sdk/vexv5\libv5rt.a(vex_triport.cpp.obj)
                0x03805e60                vex::triport::port::type(vex::triportType)
 .text._ZN3vex7triport4port4typeEv
                0x03805e94       0x38 C:\Program Files (x86)\VEX Robotics\VEXcode\sdk/vexv5\libv5rt.a(vex_triport.cpp.obj)
                0x03805e94                vex::triport::port::type()
 .text._ZN3vex7triport4port5valueEv
                0x03805ecc       0x14 C:\Program Files (x86)\VEX Robotics\VEXcode\sdk/vexv5\libv5rt.a(vex_triport.cpp.obj)
                0x03805ecc                vex::triport::port::value()
 .text._ZN3vex7triport4port8distanceENS_13distanceUnitsE
                0x03805ee0       0x40 C:\Program Files (x86)\VEX Robotics\VEXcode\sdk/vexv5\libv5rt.a(vex_triport.cpp.obj)
                0x03805ee0                vex::triport::port::distance(vex::distanceUnits)
 .text._ZN3vex7triport4port14_convertAnalogENS_11analogUnitsE
                0x03805f20       0x58 C:\Program Files (x86)\VEX Robotics\VEXcode\sdk/vexv5\libv5rt.a(vex_triport.cpp.obj)
                0x03805f20                vex::triport::port::_convertAnalog(vex::analogUnits)
 .text._ZN3vex11__trideviceC2ERNS_7triport4portENS_11triportTypeE
                0x03805f78       0x5c C:\Program Files (x86)\VEX Robotics\VEXcode\sdk/vexv5\libv5rt.a(vex_triport.cpp.obj)
                0x03805f78                vex::__tridevice::__tridevice(vex::triport::port&, vex::triportType)
                0x03805f78                vex::__tridevice::__tridevice(vex::triport::port&, vex::triportType)
 .text._ZN3vex11__tridevice14_convertAnalogENS_11analogUnitsE
                0x03805fd4        0x8 C:\Program Files (x86)\VEX Robotics\VEXcode\sdk/vexv5\libv5rt.a(vex_triport.cpp.obj)
                0x03805fd4                vex::__tridevice::_convertAnalog(vex::analogUnits)
 .text._ZN3vex3potC2ERNS_7triport4portE
                0x03805fdc       0x20 C:\Program Files (x86)\VEX Robotics\VEXcode\sdk/vexv5\libv5rt.a(vex_triport.cpp.obj)
                0x03805fdc                vex::pot::pot(vex::triport::port&)
                0x03805fdc                vex::pot::pot(vex::triport::port&)
 .text._ZN3vex3potD2Ev
                0x03805ffc        0x4 C:\Program Files (x86)\VEX Robotics\VEXcode\sdk/vexv5\libv5rt.a(vex_triport.cpp.obj)
                0x03805ffc                vex::pot::~pot()
                0x03805ffc                vex::pot::~pot()
 .text._ZN3vex3pot5valueENS_11analogUnitsE
                0x03806000        0x4 C:\Program Files (x86)\VEX Robotics\VEXcode\sdk/vexv5\libv5rt.a(vex_triport.cpp.obj)
                0x03806000                vex::pot::value(vex::analogUnits)
 .text._ZN3vex4lineC2ERNS_7triport4portE
                0x03806004       0x20 C:\Program Files (x86)\VEX Robotics\VEXcode\sdk/vexv5\libv5rt.a(vex_triport.cpp.obj)
                0x03806004                vex::line::line(vex::triport::port&)
                0x03806004                vex::line::line(vex::triport::port&)
 .text._ZN3vex4lineD2Ev
                0x03806024        0x4 C:\Program Files (x86)\VEX Robotics\VEXcode\sdk/vexv5\libv5rt.a(vex_triport.cpp.obj)
                0x03806024                vex::line::~line()
                0x03806024                vex::line::~line()
 .text._ZN3vex4line5valueENS_11analogUnitsE
                0x03806028        0x4 C:\Program Files (x86)\VEX Robotics\VEXcode\sdk/vexv5\libv5rt.a(vex_triport.cpp.obj)
                0x03806028                vex::line::value(vex::analogUnits)
 .text._ZN3vex5sonarC2ERNS_7triport4portE
                0x0380602c       0x20 C:\Program Files (x86)\VEX Robotics\VEXcode\sdk/vexv5\libv5rt.a(vex_triport.cpp.obj)
                0x0380602c                vex::sonar::sonar(vex::triport::port&)
                0x0380602c                vex::sonar::sonar(vex::triport::port&)
 .text._ZN3vex5sonarD2Ev
                0x0380604c        0x4 C:\Program Files (x86)\VEX Robotics\VEXcode\sdk/vexv5\libv5rt.a(vex_triport.cpp.obj)
                0x0380604c                vex::sonar::~sonar()
                0x0380604c                vex::sonar::~sonar()
 .text._ZN3vex5sonar8distanceENS_13distanceUnitsE
                0x03806050        0x8 C:\Program Files (x86)\VEX Robotics\VEXcode\sdk/vexv5\libv5rt.a(vex_triport.cpp.obj)
                0x03806050                vex::sonar::distance(vex::distanceUnits)
 .text.startup._GLOBAL__sub_I__ZN3vex7triportC2El
                0x03806058       0x30 C:\Program Files (x86)\VEX Robotics\VEXcode\sdk/vexv5\libv5rt.a(vex_triport.cpp.obj)
 .text._ZN3vex5colorD2Ev
                0x03806088        0x4 C:\Program Files (x86)\VEX Robotics\VEXcode\sdk/vexv5\libv5rt.a(vex_color.cpp.obj)
                0x03806088                vex::color::~color()
                0x03806088                vex::color::~color()
 .text._ZNK3vex5colorcvmEv
                0x0380608c        0x8 C:\Program Files (x86)\VEX Robotics\VEXcode\sdk/vexv5\libv5rt.a(vex_color.cpp.obj)
                0x0380608c                vex::color::operator unsigned long() const
 .text.startup._GLOBAL__sub_I__ZN3vex5color5blackE
                0x03806094      0x164 C:\Program Files (x86)\VEX Robotics\VEXcode\sdk/vexv5\libv5rt.a(vex_color.cpp.obj)
 .text._ZN3vex5timerD2Ev
                0x038061f8        0x4 C:\Program Files (x86)\VEX Robotics\VEXcode\sdk/vexv5\libv5rt.a(vex_timer.cpp.obj)
                0x038061f8                vex::timer::~timer()
                0x038061f8                vex::timer::~timer()
 .text._ZN3vex5timer5clearEv
                0x038061fc       0x1c C:\Program Files (x86)\VEX Robotics\VEXcode\sdk/vexv5\libv5rt.a(vex_timer.cpp.obj)
                0x038061fc                vex::timer::clear()
 .text._ZN3vex5timerC2Ev
                0x03806218       0x14 C:\Program Files (x86)\VEX Robotics\VEXcode\sdk/vexv5\libv5rt.a(vex_timer.cpp.obj)
                0x03806218                vex::timer::timer()
                0x03806218                vex::timer::timer()
 .text.vexAdiPortConfigSet
                0x0380622c       0x28 C:\Program Files (x86)\VEX Robotics\VEXcode\sdk/vexv5\libv5rt.a(v5_apiuser.c.obj)
                0x0380622c                vexAdiPortConfigSet
 .text.vexAdiPortConfigGet
                0x03806254       0x28 C:\Program Files (x86)\VEX Robotics\VEXcode\sdk/vexv5\libv5rt.a(v5_apiuser.c.obj)
                0x03806254                vexAdiPortConfigGet
 .text.vexAdiValueGet
                0x0380627c       0x20 C:\Program Files (x86)\VEX Robotics\VEXcode\sdk/vexv5\libv5rt.a(v5_apiuser.c.obj)
                0x0380627c                vexAdiValueGet
 .text.vexMotorVelocitySet
                0x0380629c       0x20 C:\Program Files (x86)\VEX Robotics\VEXcode\sdk/vexv5\libv5rt.a(v5_apiuser.c.obj)
                0x0380629c                vexMotorVelocitySet
 .text.vexMotorActualVelocityGet
                0x038062bc       0x24 C:\Program Files (x86)\VEX Robotics\VEXcode\sdk/vexv5\libv5rt.a(v5_apiuser.c.obj)
                0x038062bc                vexMotorActualVelocityGet
 .text.vexMotorZeroPositionFlagGet
                0x038062e0       0x18 C:\Program Files (x86)\VEX Robotics\VEXcode\sdk/vexv5\libv5rt.a(v5_apiuser.c.obj)
                0x038062e0                vexMotorZeroPositionFlagGet
 .text.vexMotorReverseFlagSet
                0x038062f8       0x20 C:\Program Files (x86)\VEX Robotics\VEXcode\sdk/vexv5\libv5rt.a(v5_apiuser.c.obj)
                0x038062f8                vexMotorReverseFlagSet
 .text.vexMotorEncoderUnitsSet
                0x03806318       0x20 C:\Program Files (x86)\VEX Robotics\VEXcode\sdk/vexv5\libv5rt.a(v5_apiuser.c.obj)
                0x03806318                vexMotorEncoderUnitsSet
 .text.vexMotorBrakeModeSet
                0x03806338       0x20 C:\Program Files (x86)\VEX Robotics\VEXcode\sdk/vexv5\libv5rt.a(v5_apiuser.c.obj)
                0x03806338                vexMotorBrakeModeSet
 .text.vexMotorPositionSet
                0x03806358       0x28 C:\Program Files (x86)\VEX Robotics\VEXcode\sdk/vexv5\libv5rt.a(v5_apiuser.c.obj)
                0x03806358                vexMotorPositionSet
 .text.vexMotorRelativeTargetSet
                0x03806380       0x30 C:\Program Files (x86)\VEX Robotics\VEXcode\sdk/vexv5\libv5rt.a(v5_apiuser.c.obj)
                0x03806380                vexMotorRelativeTargetSet
 .text.vexMotorGearingSet
                0x038063b0       0x20 C:\Program Files (x86)\VEX Robotics\VEXcode\sdk/vexv5\libv5rt.a(v5_apiuser.c.obj)
                0x038063b0                vexMotorGearingSet
 .text.vexMotorGearingGet
                0x038063d0       0x18 C:\Program Files (x86)\VEX Robotics\VEXcode\sdk/vexv5\libv5rt.a(v5_apiuser.c.obj)
                0x038063d0                vexMotorGearingGet
 .text.vexVisionModeSet
                0x038063e8       0x20 C:\Program Files (x86)\VEX Robotics\VEXcode\sdk/vexv5\libv5rt.a(v5_apiuser.c.obj)
                0x038063e8                vexVisionModeSet
 .text.vexVisionObjectCountGet
                0x03806408       0x18 C:\Program Files (x86)\VEX Robotics\VEXcode\sdk/vexv5\libv5rt.a(v5_apiuser.c.obj)
                0x03806408                vexVisionObjectCountGet
 .text.vexVisionObjectGet
                0x03806420       0x28 C:\Program Files (x86)\VEX Robotics\VEXcode\sdk/vexv5\libv5rt.a(v5_apiuser.c.obj)
                0x03806420                vexVisionObjectGet
 .text.vexVisionSignatureSet
                0x03806448       0x20 C:\Program Files (x86)\VEX Robotics\VEXcode\sdk/vexv5\libv5rt.a(v5_apiuser.c.obj)
                0x03806448                vexVisionSignatureSet
 .text.vexVisionBrightnessSet
                0x03806468       0x20 C:\Program Files (x86)\VEX Robotics\VEXcode\sdk/vexv5\libv5rt.a(v5_apiuser.c.obj)
                0x03806468                vexVisionBrightnessSet
 .text.vexVisionLedModeSet
                0x03806488       0x20 C:\Program Files (x86)\VEX Robotics\VEXcode\sdk/vexv5\libv5rt.a(v5_apiuser.c.obj)
                0x03806488                vexVisionLedModeSet
 .text.vexVisionLedColorSet
                0x038064a8       0x2c C:\Program Files (x86)\VEX Robotics\VEXcode\sdk/vexv5\libv5rt.a(v5_apiuser.c.obj)
                0x038064a8                vexVisionLedColorSet
 .text.vexEventMaskSet
                0x038064d4       0x28 C:\Program Files (x86)\VEX Robotics\VEXcode\sdk/vexv5\libv5rt.a(v5_apiuser.c.obj)
                0x038064d4                vexEventMaskSet
 .text.vexEventMaskGet
                0x038064fc       0x18 C:\Program Files (x86)\VEX Robotics\VEXcode\sdk/vexv5\libv5rt.a(v5_apiuser.c.obj)
                0x038064fc                vexEventMaskGet
 .text._ZN3vex6device5valueEv
                0x03806514        0x8 C:\Program Files (x86)\VEX Robotics\VEXcode\sdk/vexv5\libv5rt.a(vex_device.cpp.obj)
                0x03806514                vex::device::value()
 .text._ZN3vex6deviceD2Ev
                0x0380651c        0x4 C:\Program Files (x86)\VEX Robotics\VEXcode\sdk/vexv5\libv5rt.a(vex_device.cpp.obj)
                0x0380651c                vex::device::~device()
                0x0380651c                vex::device::~device()
 .text._ZN3vex6device4initEl
                0x03806520       0x30 C:\Program Files (x86)\VEX Robotics\VEXcode\sdk/vexv5\libv5rt.a(vex_device.cpp.obj)
                0x03806520                vex::device::init(long)
 .text._ZN3vex6deviceC2El
                0x03806550       0x20 C:\Program Files (x86)\VEX Robotics\VEXcode\sdk/vexv5\libv5rt.a(vex_device.cpp.obj)
                0x03806550                vex::device::device(long)
                0x03806550                vex::device::device(long)
 .text._ZN3vex6device4typeEv
                0x03806570       0x10 C:\Program Files (x86)\VEX Robotics\VEXcode\sdk/vexv5\libv5rt.a(vex_device.cpp.obj)
                0x03806570                vex::device::type()
 .text._ZN3vex6device9installedEv
                0x03806580       0x14 C:\Program Files (x86)\VEX Robotics\VEXcode\sdk/vexv5\libv5rt.a(vex_device.cpp.obj)
                0x03806580                vex::device::installed()
 .text.__aeabi_memcpy
                0x03806594        0x4 C:\Program Files (x86)\VEX Robotics\VEXcode\sdk/vexv5/gcc/libs\libc.a(lib_a-aeabi_memcpy.o)
                0x03806594                __aeabi_memcpy
                0x03806594                __aeabi_memcpy8
                0x03806594                __aeabi_memcpy4
 .text.__libc_fini_array
                0x03806598       0x30 C:\Program Files (x86)\VEX Robotics\VEXcode\sdk/vexv5/gcc/libs\libc.a(lib_a-fini.o)
                0x03806598                __libc_fini_array
 .text.__libc_init_array
                0x038065c8       0x58 C:\Program Files (x86)\VEX Robotics\VEXcode\sdk/vexv5/gcc/libs\libc.a(lib_a-init.o)
                0x038065c8                __libc_init_array
 .text.memcpy   0x03806620       0xa8 C:\Program Files (x86)\VEX Robotics\VEXcode\sdk/vexv5/gcc/libs\libc.a(lib_a-memcpy.o)
                0x03806620                memcpy
 .text.memcpy.__stub
                0x038066c8       0x10 linker stubs
 *(.gnu.linkonce.t.*)
 *(.plt)
 *(.gnu_warning)
 *(.gcc_except_table)
 *(.glue_7)
 .glue_7        0x00000000        0x0 linker stubs
 *(.glue_7t)
 .glue_7t       0x00000000        0x0 linker stubs
 *(.vfp11_veneer)
 .vfp11_veneer  0x00000000        0x0 linker stubs
 *(.ARM.extab)
 *(.gnu.linkonce.armextab.*)

.v4_bx          0x038066d8        0x0
 .v4_bx         0x00000000        0x0 linker stubs

.iplt           0x038066d8        0x0
 .iplt          0x00000000        0x0 build/src/main.o

.init
 *(.init)

.fini
 *(.fini)

.rodata         0x038066d8      0x234
                0x038066d8                __rodata_start = .
 *(.rodata)
 *(.rodata.*)
 .rodata.str1.1
                0x038066d8      0x136 build/src/main.o
                                0x141 (size before relaxing)
 .rodata.str1.1
                0x0380680e       0x2e C:\Program Files (x86)\VEX Robotics\VEXcode\sdk/vexv5\libv5rt.a(v5_startup.c.obj)
 .rodata._ZN3vex6PORT22E
                0x0380683c        0x4 C:\Program Files (x86)\VEX Robotics\VEXcode\sdk/vexv5\libv5rt.a(vex_global.cpp.obj)
                0x0380683c                vex::PORT22
 .rodata._ZN3vex5PORT2E
                0x03806840        0x4 C:\Program Files (x86)\VEX Robotics\VEXcode\sdk/vexv5\libv5rt.a(vex_global.cpp.obj)
                0x03806840                vex::PORT2
 .rodata._ZN3vex5PORT4E
                0x03806844        0x4 C:\Program Files (x86)\VEX Robotics\VEXcode\sdk/vexv5\libv5rt.a(vex_global.cpp.obj)
                0x03806844                vex::PORT4
 .rodata._ZN3vex5PORT5E
                0x03806848        0x4 C:\Program Files (x86)\VEX Robotics\VEXcode\sdk/vexv5\libv5rt.a(vex_global.cpp.obj)
                0x03806848                vex::PORT5
 .rodata._ZN3vex5PORT6E
                0x0380684c        0x4 C:\Program Files (x86)\VEX Robotics\VEXcode\sdk/vexv5\libv5rt.a(vex_global.cpp.obj)
                0x0380684c                vex::PORT6
 .rodata._ZN3vex5PORT7E
                0x03806850        0x4 C:\Program Files (x86)\VEX Robotics\VEXcode\sdk/vexv5\libv5rt.a(vex_global.cpp.obj)
                0x03806850                vex::PORT7
 .rodata._ZN3vex5PORT1E
                0x03806854        0x4 C:\Program Files (x86)\VEX Robotics\VEXcode\sdk/vexv5\libv5rt.a(vex_global.cpp.obj)
                0x03806854                vex::PORT1
 .rodata._ZN3vex5PORT8E
                0x03806858        0x4 C:\Program Files (x86)\VEX Robotics\VEXcode\sdk/vexv5\libv5rt.a(vex_global.cpp.obj)
                0x03806858                vex::PORT8
 .rodata._ZN3vex6PORT10E
                0x0380685c        0x4 C:\Program Files (x86)\VEX Robotics\VEXcode\sdk/vexv5\libv5rt.a(vex_global.cpp.obj)
                0x0380685c                vex::PORT10
 .rodata._ZN3vex5PORT3E
                0x03806860        0x4 C:\Program Files (x86)\VEX Robotics\VEXcode\sdk/vexv5\libv5rt.a(vex_global.cpp.obj)
                0x03806860                vex::PORT3
 *fill*         0x03806864        0x4 
 .rodata._ZTVN3vex5motorE
                0x03806868       0x10 C:\Program Files (x86)\VEX Robotics\VEXcode\sdk/vexv5\libv5rt.a(vex_motor.cpp.obj)
                0x03806868                vtable for vex::motor
 .rodata._ZTVN3vex6visionE
                0x03806878       0x10 C:\Program Files (x86)\VEX Robotics\VEXcode\sdk/vexv5\libv5rt.a(vex_vision.cpp.obj)
                0x03806878                vtable for vex::vision
 .rodata.CSWTCH.15
                0x03806888        0xb C:\Program Files (x86)\VEX Robotics\VEXcode\sdk/vexv5\libv5rt.a(vex_controller.cpp.obj)
 .rodata.CSWTCH.17
                0x03806893        0xb C:\Program Files (x86)\VEX Robotics\VEXcode\sdk/vexv5\libv5rt.a(vex_controller.cpp.obj)
 .rodata.CSWTCH.23
                0x0380689e        0x3 C:\Program Files (x86)\VEX Robotics\VEXcode\sdk/vexv5\libv5rt.a(vex_controller.cpp.obj)
 .rodata.str1.1
                0x038068a1        0xa C:\Program Files (x86)\VEX Robotics\VEXcode\sdk/vexv5\libv5rt.a(vex_task.cpp.obj)
 .rodata.str1.1
                0x038068ab       0x1a C:\Program Files (x86)\VEX Robotics\VEXcode\sdk/vexv5\libv5rt.a(vex_brain.cpp.obj)
 *fill*         0x038068c5        0x3 
 .rodata._ZTVN3vex7triportE
                0x038068c8       0x10 C:\Program Files (x86)\VEX Robotics\VEXcode\sdk/vexv5\libv5rt.a(vex_triport.cpp.obj)
                0x038068c8                vtable for vex::triport
 .rodata.CSWTCH.30
                0x038068d8       0x10 C:\Program Files (x86)\VEX Robotics\VEXcode\sdk/vexv5\libv5rt.a(vex_triport.cpp.obj)
 .rodata.CSWTCH.25
                0x038068e8        0xe C:\Program Files (x86)\VEX Robotics\VEXcode\sdk/vexv5\libv5rt.a(vex_triport.cpp.obj)
 *fill*         0x038068f6        0x2 
 .rodata._ZTVN3vex6deviceE
                0x038068f8       0x10 C:\Program Files (x86)\VEX Robotics\VEXcode\sdk/vexv5\libv5rt.a(vex_device.cpp.obj)
                0x038068f8                vtable for vex::device
 .rodata.str1.4
                0x03806908        0x4 C:\Program Files (x86)\VEX Robotics\VEXcode\sdk/vexv5/gcc/libs\libc.a(lib_a-impure.o)
                                  0x2 (size before relaxing)
 *(.gnu.linkonce.r.*)
                0x0380690c                __rodata_end = .

.rodata1        0x0380690c        0x0
                0x0380690c                __rodata1_start = .
 *(.rodata1)
 *(.rodata1.*)
                0x0380690c                __rodata1_end = .

.sdata2         0x0380690c        0x0
                0x0380690c                __sdata2_start = .
 *(.sdata2)
 *(.sdata2.*)
 *(.gnu.linkonce.s2.*)
                0x0380690c                __sdata2_end = .

.sbss2          0x0380690c        0x0
                0x0380690c                __sbss2_start = .
 *(.sbss2)
 *(.sbss2.*)
 *(.gnu.linkonce.sb2.*)
                0x0380690c                __sbss2_end = .

.data           0x03806910      0x434
                0x03806910                __data_start = .
 *(.data)
 *(.data.*)
 .data.appRunning
                0x03806910        0x4 C:\Program Files (x86)\VEX Robotics\VEXcode\sdk/vexv5\libv5rt.a(v5_startup.c.obj)
                0x03806910                appRunning
 .data.__yoff   0x03806914        0x4 C:\Program Files (x86)\VEX Robotics\VEXcode\sdk/vexv5\libv5rt.a(v5_apijump.c.obj)
 .data.impure_data
                0x03806918      0x428 C:\Program Files (x86)\VEX Robotics\VEXcode\sdk/vexv5/gcc/libs\libc.a(lib_a-impure.o)
 .data._impure_ptr
                0x03806d40        0x4 C:\Program Files (x86)\VEX Robotics\VEXcode\sdk/vexv5/gcc/libs\libc.a(lib_a-impure.o)
                0x03806d40                _impure_ptr
 *(.gnu.linkonce.d.*)
 *(.jcr)
 *(.got)
 *(.got.plt)
                0x03806d44                __data_end = .

.igot.plt       0x03806d44        0x0
 .igot.plt      0x00000000        0x0 build/src/main.o

.data1          0x03806d44        0x0
                0x03806d44                __data1_start = .
 *(.data1)
 *(.data1.*)
                0x03806d44                __data1_end = .

.got
 *(.got)

.ctors          0x03806d44        0x0
                0x03806d44                __CTOR_LIST__ = .
                0x03806d44                ___CTORS_LIST___ = .
 *crtbegin.o(.ctors)
 *(EXCLUDE_FILE(*crtend.o) .ctors)
 *(SORT(.ctors.*))
 *(.ctors)
                0x03806d44                __CTOR_END__ = .
                0x03806d44                ___CTORS_END___ = .

.dtors          0x03806d44        0x0
                0x03806d44                __DTOR_LIST__ = .
                0x03806d44                ___DTORS_LIST___ = .
 *crtbegin.o(.dtors)
 *(EXCLUDE_FILE(*crtend.o) .dtors)
 *(SORT(.dtors.*))
 *(.dtors)
                0x03806d44                __DTOR_END__ = .
                0x03806d44                ___DTORS_END___ = .

.fixup          0x03806d44        0x0
                0x03806d44                __fixup_start = .
 *(.fixup)
                0x03806d44                __fixup_end = .

.eh_frame
 *(.eh_frame)

.eh_framehdr    0x03806d44        0x0
                0x03806d44                __eh_framehdr_start = .
 *(.eh_framehdr)
                0x03806d44                __eh_framehdr_end = .

.gcc_except_table
 *(.gcc_except_table)

.mmu_tbl        0x03808000        0x0
                0x03808000                __mmu_tbl_start = .
 *(.mmu_tbl)
                0x03808000                __mmu_tbl_end = .

.ARM.exidx      0x03806d44        0x8
                0x03806d44                __exidx_start = .
 *(.ARM.exidx*)
 .ARM.exidx.text._ZN3vex6visionC2IJNS0_9signatureES2_S2_S2_S2_S2_S2_EEElhDpT_
                0x03806d44        0x8 build/src/main.o
 .ARM.exidx.text._Z2ufi
                0x03806d4c        0x0 build/src/main.o
                                  0x8 (size before relaxing)
 .ARM.exidx.text._Z2dxii
                0x03806d4c        0x0 build/src/main.o
                                  0x8 (size before relaxing)
 .ARM.exidx.text._Z2dzii
                0x03806d4c        0x0 build/src/main.o
                                  0x8 (size before relaxing)
 .ARM.exidx.text._Z2dyii
                0x03806d4c        0x0 build/src/main.o
                                  0x8 (size before relaxing)
 .ARM.exidx.text._Z10autonomousv
                0x03806d4c        0x0 build/src/main.o
                                  0x8 (size before relaxing)
 .ARM.exidx.text._Z11usercontrolv
                0x03806d4c        0x0 build/src/main.o
                                  0x8 (size before relaxing)
 .ARM.exidx.text.main
                0x03806d4c        0x0 build/src/main.o
                                  0x8 (size before relaxing)
 .ARM.exidx.text._ZN3vex6vision7_setsigINS0_9signatureEJS2_S2_S2_S2_S2_S2_EEEvRT_DpT0_
                0x03806d4c        0x0 build/src/main.o
                                  0x8 (size before relaxing)
 .ARM.exidx.text._ZN3vex6vision7_setsigINS0_9signatureEJS2_S2_S2_S2_S2_EEEvRT_DpT0_
                0x03806d4c        0x0 build/src/main.o
                                  0x8 (size before relaxing)
 .ARM.exidx.text._ZN3vex6vision7_setsigINS0_9signatureEJS2_S2_S2_S2_EEEvRT_DpT0_
                0x03806d4c        0x0 build/src/main.o
                                  0x8 (size before relaxing)
 .ARM.exidx.text._ZN3vex6vision7_setsigINS0_9signatureEJS2_S2_S2_EEEvRT_DpT0_
                0x03806d4c        0x0 build/src/main.o
                                  0x8 (size before relaxing)
 .ARM.exidx.text._ZN3vex6vision7_setsigINS0_9signatureEJS2_S2_EEEvRT_DpT0_
                0x03806d4c        0x0 build/src/main.o
                                  0x8 (size before relaxing)
 .ARM.exidx.text._GLOBAL__sub_I_main.cpp
                0x03806d4c        0x0 build/src/main.o
                                  0x8 (size before relaxing)
 *(.gnu.linkonce.armexidix.*.*)
                0x03806d4c                __exidx_end = .

.rel.dyn        0x03806d4c        0x0
 .rel.iplt      0x00000000        0x0 build/src/main.o

.preinit_array  0x03806d4c        0x0
                0x03806d4c                __preinit_array_start = .
 *(SORT(.preinit_array.*))
 *(.preinit_array)
                0x03806d4c                __preinit_array_end = .

.init_array     0x03806d4c       0x10
                0x03806d4c                __init_array_start = .
 *(SORT(.init_array.*))
 *(.init_array)
 .init_array    0x03806d4c        0x4 build/src/main.o
 .init_array    0x03806d50        0x4 C:\Program Files (x86)\VEX Robotics\VEXcode\sdk/vexv5\libv5rt.a(vex_motor.cpp.obj)
 .init_array    0x03806d54        0x4 C:\Program Files (x86)\VEX Robotics\VEXcode\sdk/vexv5\libv5rt.a(vex_triport.cpp.obj)
 .init_array    0x03806d58        0x4 C:\Program Files (x86)\VEX Robotics\VEXcode\sdk/vexv5\libv5rt.a(vex_color.cpp.obj)
                0x03806d5c                __init_array_end = .

.fini_array     0x03806d5c        0x0
                0x03806d5c                __fini_array_start = .
 *(SORT(.fini_array.*))
 *(.fini_array)
                0x03806d5c                __fini_array_end = .

.ARM.attributes
                0x03806d5c       0x3c
                0x03806d5c                __ARM.attributes_start = .
 *(.ARM.attributes)
 .ARM.attributes
                0x03806d5c       0x3a build/src/main.o
 .ARM.attributes
                0x03806d96       0x35 C:\Program Files (x86)\VEX Robotics\VEXcode\sdk/vexv5\libv5rt.a(v5_startup.c.obj)
 .ARM.attributes
                0x03806dcb       0x35 C:\Program Files (x86)\VEX Robotics\VEXcode\sdk/vexv5\libv5rt.a(v5_util.c.obj)
 .ARM.attributes
                0x03806e00       0x35 C:\Program Files (x86)\VEX Robotics\VEXcode\sdk/vexv5\libv5rt.a(v5_apijump.c.obj)
 .ARM.attributes
                0x03806e35       0x35 C:\Program Files (x86)\VEX Robotics\VEXcode\sdk/vexv5\libv5rt.a(v5_apiversions.c.obj)
 .ARM.attributes
                0x03806e6a       0x35 C:\Program Files (x86)\VEX Robotics\VEXcode\sdk/vexv5\libv5rt.a(vex_global.cpp.obj)
 .ARM.attributes
                0x03806e9f       0x35 C:\Program Files (x86)\VEX Robotics\VEXcode\sdk/vexv5\libv5rt.a(vex_motor.cpp.obj)
 .ARM.attributes
                0x03806ed4       0x35 C:\Program Files (x86)\VEX Robotics\VEXcode\sdk/vexv5\libv5rt.a(vex_vision.cpp.obj)
 .ARM.attributes
                0x03806f09       0x35 C:\Program Files (x86)\VEX Robotics\VEXcode\sdk/vexv5\libv5rt.a(vex_controller.cpp.obj)
 .ARM.attributes
                0x03806f3e       0x35 C:\Program Files (x86)\VEX Robotics\VEXcode\sdk/vexv5\libv5rt.a(vex_task.cpp.obj)
 .ARM.attributes
                0x03806f73       0x35 C:\Program Files (x86)\VEX Robotics\VEXcode\sdk/vexv5\libv5rt.a(vex_event.cpp.obj)
 .ARM.attributes
                0x03806fa8       0x35 C:\Program Files (x86)\VEX Robotics\VEXcode\sdk/vexv5\libv5rt.a(vex_mevent.cpp.obj)
 .ARM.attributes
                0x03806fdd       0x35 C:\Program Files (x86)\VEX Robotics\VEXcode\sdk/vexv5\libv5rt.a(vex_brain.cpp.obj)
 .ARM.attributes
                0x03807012       0x35 C:\Program Files (x86)\VEX Robotics\VEXcode\sdk/vexv5\libv5rt.a(vex_competition.cpp.obj)
 .ARM.attributes
                0x03807047       0x35 C:\Program Files (x86)\VEX Robotics\VEXcode\sdk/vexv5\libv5rt.a(vex_triport.cpp.obj)
 .ARM.attributes
                0x0380707c       0x35 C:\Program Files (x86)\VEX Robotics\VEXcode\sdk/vexv5\libv5rt.a(vex_color.cpp.obj)
 .ARM.attributes
                0x038070b1       0x35 C:\Program Files (x86)\VEX Robotics\VEXcode\sdk/vexv5\libv5rt.a(vex_timer.cpp.obj)
 .ARM.attributes
                0x038070e6       0x35 C:\Program Files (x86)\VEX Robotics\VEXcode\sdk/vexv5\libv5rt.a(v5_apiuser.c.obj)
 .ARM.attributes
                0x0380711b       0x35 C:\Program Files (x86)\VEX Robotics\VEXcode\sdk/vexv5\libv5rt.a(vex_device.cpp.obj)
 .ARM.attributes
                0x03807150       0x2b C:\Program Files (x86)\VEX Robotics\VEXcode\sdk/vexv5/gcc/libs\libc.a(lib_a-aeabi_memcpy.o)
 .ARM.attributes
                0x0380717b       0x2b C:\Program Files (x86)\VEX Robotics\VEXcode\sdk/vexv5/gcc/libs\libc.a(lib_a-fini.o)
 .ARM.attributes
                0x038071a6       0x2b C:\Program Files (x86)\VEX Robotics\VEXcode\sdk/vexv5/gcc/libs\libc.a(lib_a-impure.o)
 .ARM.attributes
                0x038071d1       0x2b C:\Program Files (x86)\VEX Robotics\VEXcode\sdk/vexv5/gcc/libs\libc.a(lib_a-init.o)
 .ARM.attributes
                0x038071fc       0x2b C:\Program Files (x86)\VEX Robotics\VEXcode\sdk/vexv5/gcc/libs\libc.a(lib_a-memcpy.o)
                0x03807227                __ARM.attributes_end = .

.sdata          0x03806d5c        0x0
                0x03806d5c                __sdata_start = .
 *(.sdata)
 *(.sdata.*)
 *(.gnu.linkonce.s.*)
                0x03806d5c                __sdata_end = .

.sbss           0x03806d5c        0x0
                0x03806d5c                __sbss_start = .
 *(.sbss)
 *(.sbss.*)
 *(.gnu.linkonce.sb.*)
                0x03806d5c                __sbss_end = .

.tdata          0x03806d5c        0x0
                0x03806d5c                __tdata_start = .
 *(.tdata)
 *(.tdata.*)
 *(.gnu.linkonce.td.*)
                0x03806d5c                __tdata_end = .

.tbss           0x03806d5c        0x0
                0x03806d5c                __tbss_start = .
 *(.tbss)
 *(.tbss.*)
 *(.gnu.linkonce.tb.*)
                0x03806d5c                __tbss_end = .

.bss            0x03806d60      0xff0
                0x03806d60                __bss_start = .
 *(.bss)
 *(.bss.*)
 .bss.SIG_1     0x03806d60       0x50 build/src/main.o
                0x03806d60                SIG_1
 .bss.SIG_2     0x03806db0       0x50 build/src/main.o
                0x03806db0                SIG_2
 .bss.SIG_3     0x03806e00       0x50 build/src/main.o
                0x03806e00                SIG_3
 .bss.SIG_4     0x03806e50       0x50 build/src/main.o
                0x03806e50                SIG_4
 .bss.SIG_5     0x03806ea0       0x50 build/src/main.o
                0x03806ea0                SIG_5
 .bss.SIG_6     0x03806ef0       0x50 build/src/main.o
                0x03806ef0                SIG_6
 .bss.SIG_7     0x03806f40       0x50 build/src/main.o
                0x03806f40                SIG_7
 .bss.Vision    0x03806f90      0x690 build/src/main.o
                0x03806f90                Vision
 .bss.Brain     0x03807620      0x2e0 build/src/main.o
                0x03807620                Brain
 .bss.LF        0x03807900       0x28 build/src/main.o
                0x03807900                LF
 .bss.LB        0x03807928       0x28 build/src/main.o
                0x03807928                LB
 .bss.RF        0x03807950       0x28 build/src/main.o
                0x03807950                RF
 .bss.RB        0x03807978       0x28 build/src/main.o
                0x03807978                RB
 .bss.AL        0x038079a0       0x28 build/src/main.o
                0x038079a0                AL
 .bss.AR        0x038079c8       0x28 build/src/main.o
                0x038079c8                AR
 .bss.CL        0x038079f0       0x28 build/src/main.o
                0x038079f0                CL
 .bss.CR        0x03807a18       0x28 build/src/main.o
                0x03807a18                CR
 .bss.Sonar     0x03807a40       0x1c build/src/main.o
                0x03807a40                Sonar
 .bss.line1     0x03807a5c       0x1c build/src/main.o
                0x03807a5c                line1
 .bss.pot1      0x03807a78       0x1c build/src/main.o
                0x03807a78                pot1
 .bss.Controller1
                0x03807a94      0x1e0 build/src/main.o
                0x03807a94                Controller1
 .bss.Competition
                0x03807c74       0x28 build/src/main.o
                0x03807c74                Competition
 .bss.loop1     0x03807c9c        0x4 build/src/main.o
                0x03807c9c                loop1
 .bss.loop2     0x03807ca0        0x4 build/src/main.o
                0x03807ca0                loop2
 .bss.loop3     0x03807ca4        0x4 build/src/main.o
                0x03807ca4                loop3
 .bss.mloop1    0x03807ca8        0x4 build/src/main.o
                0x03807ca8                mloop1
 .bss.mloop2    0x03807cac        0x4 build/src/main.o
                0x03807cac                mloop2
 .bss.mloop3    0x03807cb0        0x4 build/src/main.o
                0x03807cb0                mloop3
 .bss.cl        0x03807cb4        0x4 build/src/main.o
                0x03807cb4                cl
 .bss.udistance
                0x03807cb8        0x4 build/src/main.o
                0x03807cb8                udistance
 .bss.ds        0x03807cbc        0x4 build/src/main.o
                0x03807cbc                ds
 .bss.l1        0x03807cc0        0x4 build/src/main.o
                0x03807cc0                l1
 .bss.t1        0x03807cc4        0x4 build/src/main.o
                0x03807cc4                t1
 .bss.__dso_handle
                0x03807cc8        0x4 C:\Program Files (x86)\VEX Robotics\VEXcode\sdk/vexv5\libv5rt.a(v5_startup.c.obj)
                0x03807cc8                __dso_handle
 .bss.lastTime.8082
                0x03807ccc        0x4 C:\Program Files (x86)\VEX Robotics\VEXcode\sdk/vexv5\libv5rt.a(v5_apijump.c.obj)
 .bss._ZStL8__ioinit
                0x03807cd0        0x1 C:\Program Files (x86)\VEX Robotics\VEXcode\sdk/vexv5\libv5rt.a(vex_motor.cpp.obj)
 *fill*         0x03807cd1        0x3 
 .bss._ZN3vex4task8_labelIdE
                0x03807cd4        0x4 C:\Program Files (x86)\VEX Robotics\VEXcode\sdk/vexv5\libv5rt.a(vex_task.cpp.obj)
                0x03807cd4                vex::task::_labelId
 .bss._ZN3vex11competition22bStopTasksBetweenModesE
                0x03807cd8        0x1 C:\Program Files (x86)\VEX Robotics\VEXcode\sdk/vexv5\libv5rt.a(vex_competition.cpp.obj)
                0x03807cd8                vex::competition::bStopTasksBetweenModes
 .bss._ZN3vex11competition25bStopAllTasksBetweenModesE
                0x03807cd9        0x1 C:\Program Files (x86)\VEX Robotics\VEXcode\sdk/vexv5\libv5rt.a(vex_competition.cpp.obj)
                0x03807cd9                vex::competition::bStopAllTasksBetweenModes
 .bss._ZN3vex11competition14_auton_pendingE
                0x03807cda        0x1 C:\Program Files (x86)\VEX Robotics\VEXcode\sdk/vexv5\libv5rt.a(vex_competition.cpp.obj)
                0x03807cda                vex::competition::_auton_pending
 *fill*         0x03807cdb        0x1 
 .bss._ZN3vex11competition20_autonomous_callbackE
                0x03807cdc        0x4 C:\Program Files (x86)\VEX Robotics\VEXcode\sdk/vexv5\libv5rt.a(vex_competition.cpp.obj)
                0x03807cdc                vex::competition::_autonomous_callback
 .bss._ZN3vex11competition23_drivercontrol_callbackE
                0x03807ce0        0x4 C:\Program Files (x86)\VEX Robotics\VEXcode\sdk/vexv5\libv5rt.a(vex_competition.cpp.obj)
                0x03807ce0                vex::competition::_drivercontrol_callback
 .bss._ZN3vex11competition15_driver_pendingE
                0x03807ce4        0x1 C:\Program Files (x86)\VEX Robotics\VEXcode\sdk/vexv5\libv5rt.a(vex_competition.cpp.obj)
                0x03807ce4                vex::competition::_driver_pending
 .bss._ZStL8__ioinit
                0x03807ce5        0x1 C:\Program Files (x86)\VEX Robotics\VEXcode\sdk/vexv5\libv5rt.a(vex_triport.cpp.obj)
 *fill*         0x03807ce6        0x2 
 .bss._ZN3vex5color6orangeE
                0x03807ce8        0x8 C:\Program Files (x86)\VEX Robotics\VEXcode\sdk/vexv5\libv5rt.a(vex_color.cpp.obj)
                0x03807ce8                vex::color::orange
 .bss._ZN3vex5color5blackE
                0x03807cf0        0x8 C:\Program Files (x86)\VEX Robotics\VEXcode\sdk/vexv5\libv5rt.a(vex_color.cpp.obj)
                0x03807cf0                vex::color::black
 .bss._ZN3vex5color6yellowE
                0x03807cf8        0x8 C:\Program Files (x86)\VEX Robotics\VEXcode\sdk/vexv5\libv5rt.a(vex_color.cpp.obj)
                0x03807cf8                vex::color::yellow
 .bss._ZN3vex5color5greenE
                0x03807d00        0x8 C:\Program Files (x86)\VEX Robotics\VEXcode\sdk/vexv5\libv5rt.a(vex_color.cpp.obj)
                0x03807d00                vex::color::green
 .bss._ZN3vex5color6purpleE
                0x03807d08        0x8 C:\Program Files (x86)\VEX Robotics\VEXcode\sdk/vexv5\libv5rt.a(vex_color.cpp.obj)
                0x03807d08                vex::color::purple
 .bss._ZN3vex5color4cyanE
                0x03807d10        0x8 C:\Program Files (x86)\VEX Robotics\VEXcode\sdk/vexv5\libv5rt.a(vex_color.cpp.obj)
                0x03807d10                vex::color::cyan
 .bss._ZN3vex5color4blueE
                0x03807d18        0x8 C:\Program Files (x86)\VEX Robotics\VEXcode\sdk/vexv5\libv5rt.a(vex_color.cpp.obj)
                0x03807d18                vex::color::blue
 .bss._ZN3vex5color3redE
                0x03807d20        0x8 C:\Program Files (x86)\VEX Robotics\VEXcode\sdk/vexv5\libv5rt.a(vex_color.cpp.obj)
                0x03807d20                vex::color::red
 .bss._ZN3vex5color11transparentE
                0x03807d28        0x8 C:\Program Files (x86)\VEX Robotics\VEXcode\sdk/vexv5\libv5rt.a(vex_color.cpp.obj)
                0x03807d28                vex::color::transparent
 .bss._ZN3vex5color5whiteE
                0x03807d30        0x8 C:\Program Files (x86)\VEX Robotics\VEXcode\sdk/vexv5\libv5rt.a(vex_color.cpp.obj)
                0x03807d30                vex::color::white
 *(.gnu.linkonce.b.*)
 *(COMMON)
 COMMON         0x03807d38       0x18 C:\Program Files (x86)\VEX Robotics\VEXcode\sdk/vexv5\libv5rt.a(v5_startup.c.obj)
                0x03807d3c                __vex_critical_section
                0x03807d50                __bss_end = .
                0x03806d5c                _SDA_BASE_ = (__sdata_start + ((__sbss_end - __sdata_start) / 0x2))
                0x0380690c                _SDA2_BASE_ = (__sdata2_start + ((__sbss2_end - __sdata2_start) / 0x2))

.heap           0x03807d50   0x100000
                0x03807d50                . = ALIGN (0x10)
 *fill*         0x03807d50        0x0 
                0x03807d50                _heap = .
                0x03807d50                HeapBase = .
                0x03807d50                _heap_start = .
                0x03907d50                . = (. + _HEAP_SIZE)
 *fill*         0x03807d50   0x100000 
                0x03907d50                _heap_end = .
                0x03907d50                HeapLimit = .

.stack          0x03907d50     0x3800
                0x03907d50                . = ALIGN (0x10)
                0x03907d50                _stack_end = .
                0x03909d50                . = (. + _STACK_SIZE)
 *fill*         0x03907d50     0x2000 
                0x03909d50                . = ALIGN (0x10)
                0x03909d50                _stack = .
                0x03909d50                __stack = _stack
                0x03909d50                . = ALIGN (0x10)
                0x03909d50                _irq_stack_end = .
                0x0390a150                . = (. + _IRQ_STACK_SIZE)
 *fill*         0x03909d50      0x400 
                0x0390a150                . = ALIGN (0x10)
                0x0390a150                __irq_stack = .
                0x0390a150                _supervisor_stack_end = .
                0x0390a950                . = (. + _SUPERVISOR_STACK_SIZE)
 *fill*         0x0390a150      0x800 
                0x0390a950                . = ALIGN (0x10)
                0x0390a950                __supervisor_stack = .
                0x0390a950                _abort_stack_end = .
                0x0390ad50                . = (. + _ABORT_STACK_SIZE)
 *fill*         0x0390a950      0x400 
                0x0390ad50                . = ALIGN (0x10)
                0x0390ad50                __abort_stack = .
                0x0390ad50                _fiq_stack_end = .
                0x0390b150                . = (. + _FIQ_STACK_SIZE)
 *fill*         0x0390ad50      0x400 
                0x0390b150                . = ALIGN (0x10)
                0x0390b150                __fiq_stack = .
                0x0390b150                _undef_stack_end = .
                0x0390b550                . = (. + _UNDEF_STACK_SIZE)
 *fill*         0x0390b150      0x400 
                0x0390b550                . = ALIGN (0x10)
                0x0390b550                __undef_stack = .
                0x0390b550                _end = .
LOAD C:\Program Files (x86)\VEX Robotics\VEXcode\sdk/vexv5/stdlib_0.lib
LOAD build/src/main.o
START GROUP
LOAD C:\Program Files (x86)\VEX Robotics\VEXcode\sdk/vexv5\libv5rt.a
LOAD C:\Program Files (x86)\VEX Robotics\VEXcode\sdk/vexv5/gcc/libs\libstdc++.a
LOAD C:\Program Files (x86)\VEX Robotics\VEXcode\sdk/vexv5/gcc/libs\libc.a
LOAD C:\Program Files (x86)\VEX Robotics\VEXcode\sdk/vexv5/gcc/libs\libm.a
LOAD C:\Program Files (x86)\VEX Robotics\VEXcode\sdk/vexv5/gcc/libs\libgcc.a
END GROUP
OUTPUT(build/Vexcode_ateam.elf elf32-littlearm)

.comment        0x00000000       0x9d
 .comment       0x00000000       0x2d build/src/main.o
                                 0x2e (size before relaxing)
 .comment       0x0000002d       0x70 C:\Program Files (x86)\VEX Robotics\VEXcode\sdk/vexv5\libv5rt.a(v5_startup.c.obj)
                                 0x71 (size before relaxing)
 .comment       0x00000000       0x71 C:\Program Files (x86)\VEX Robotics\VEXcode\sdk/vexv5\libv5rt.a(v5_util.c.obj)
 .comment       0x00000000       0x71 C:\Program Files (x86)\VEX Robotics\VEXcode\sdk/vexv5\libv5rt.a(v5_apijump.c.obj)
 .comment       0x00000000       0x71 C:\Program Files (x86)\VEX Robotics\VEXcode\sdk/vexv5\libv5rt.a(v5_apiversions.c.obj)
 .comment       0x00000000       0x71 C:\Program Files (x86)\VEX Robotics\VEXcode\sdk/vexv5\libv5rt.a(vex_global.cpp.obj)
 .comment       0x00000000       0x71 C:\Program Files (x86)\VEX Robotics\VEXcode\sdk/vexv5\libv5rt.a(vex_motor.cpp.obj)
 .comment       0x00000000       0x71 C:\Program Files (x86)\VEX Robotics\VEXcode\sdk/vexv5\libv5rt.a(vex_vision.cpp.obj)
 .comment       0x00000000       0x71 C:\Program Files (x86)\VEX Robotics\VEXcode\sdk/vexv5\libv5rt.a(vex_controller.cpp.obj)
 .comment       0x00000000       0x71 C:\Program Files (x86)\VEX Robotics\VEXcode\sdk/vexv5\libv5rt.a(vex_task.cpp.obj)
 .comment       0x00000000       0x71 C:\Program Files (x86)\VEX Robotics\VEXcode\sdk/vexv5\libv5rt.a(vex_event.cpp.obj)
 .comment       0x00000000       0x71 C:\Program Files (x86)\VEX Robotics\VEXcode\sdk/vexv5\libv5rt.a(vex_mevent.cpp.obj)
 .comment       0x00000000       0x71 C:\Program Files (x86)\VEX Robotics\VEXcode\sdk/vexv5\libv5rt.a(vex_brain.cpp.obj)
 .comment       0x00000000       0x71 C:\Program Files (x86)\VEX Robotics\VEXcode\sdk/vexv5\libv5rt.a(vex_competition.cpp.obj)
 .comment       0x00000000       0x71 C:\Program Files (x86)\VEX Robotics\VEXcode\sdk/vexv5\libv5rt.a(vex_triport.cpp.obj)
 .comment       0x00000000       0x71 C:\Program Files (x86)\VEX Robotics\VEXcode\sdk/vexv5\libv5rt.a(vex_color.cpp.obj)
 .comment       0x00000000       0x71 C:\Program Files (x86)\VEX Robotics\VEXcode\sdk/vexv5\libv5rt.a(vex_timer.cpp.obj)
 .comment       0x00000000       0x71 C:\Program Files (x86)\VEX Robotics\VEXcode\sdk/vexv5\libv5rt.a(v5_apiuser.c.obj)
 .comment       0x00000000       0x71 C:\Program Files (x86)\VEX Robotics\VEXcode\sdk/vexv5\libv5rt.a(vex_device.cpp.obj)

.note.GNU-stack
                0x00000000        0x0
 .note.GNU-stack
                0x00000000        0x0 build/src/main.o

.debug_frame    0x00000000       0xb0
 .debug_frame   0x00000000       0x20 C:\Program Files (x86)\VEX Robotics\VEXcode\sdk/vexv5/gcc/libs\libc.a(lib_a-aeabi_memcpy.o)
 .debug_frame   0x00000020       0x34 C:\Program Files (x86)\VEX Robotics\VEXcode\sdk/vexv5/gcc/libs\libc.a(lib_a-fini.o)
 .debug_frame   0x00000054       0x2c C:\Program Files (x86)\VEX Robotics\VEXcode\sdk/vexv5/gcc/libs\libc.a(lib_a-init.o)
 .debug_frame   0x00000080       0x30 C:\Program Files (x86)\VEX Robotics\VEXcode\sdk/vexv5/gcc/libs\libc.a(lib_a-memcpy.o)
